[1.483s] Invoking command in '/home/wlwnstn2396/xycar_ws/build/my_imu': PYTHONPATH=/home/wlwnstn2396/xycar_ws/build/my_imu/prefix_override:/usr/lib/python3/dist-packages/colcon_core/task/python/colcon_distutils_commands:/home/wlwnstn2396/xycar_ws/install/my_imu/lib/python3.10/site-packages:${PYTHONPATH} /usr/bin/python3 -W ignore:setup.py install is deprecated -W ignore:easy_install command is deprecated setup.py develop --editable --build-directory /home/wlwnstn2396/xycar_ws/build/my_imu/build --no-deps symlink_data
[1.698s] running develop
[1.826s] running egg_info
[1.826s] creating my_imu.egg-info
[1.826s] writing my_imu.egg-info/PKG-INFO
[1.826s] writing dependency_links to my_imu.egg-info/dependency_links.txt
[1.827s] writing entry points to my_imu.egg-info/entry_points.txt
[1.827s] writing requirements to my_imu.egg-info/requires.txt
[1.827s] writing top-level names to my_imu.egg-info/top_level.txt
[1.827s] writing manifest file 'my_imu.egg-info/SOURCES.txt'
[1.830s] reading manifest file 'my_imu.egg-info/SOURCES.txt'
[1.830s] writing manifest file 'my_imu.egg-info/SOURCES.txt'
[1.832s] running build_ext
[1.832s] Creating /home/wlwnstn2396/xycar_ws/install/my_imu/lib/python3.10/site-packages/my-imu.egg-link (link to .)
[1.832s] Installing roll_pitch_yaw script to /home/wlwnstn2396/xycar_ws/install/my_imu/lib/my_imu
[1.832s] 
[1.833s] Installed /home/wlwnstn2396/xycar_ws/build/my_imu
[1.833s] running symlink_data
[1.833s] creating /home/wlwnstn2396/xycar_ws/install/my_imu/share/ament_index
[1.833s] creating /home/wlwnstn2396/xycar_ws/install/my_imu/share/ament_index/resource_index
[1.834s] creating /home/wlwnstn2396/xycar_ws/install/my_imu/share/ament_index/resource_index/packages
[1.834s] symbolically linking /home/wlwnstn2396/xycar_ws/build/my_imu/resource/my_imu -> /home/wlwnstn2396/xycar_ws/install/my_imu/share/ament_index/resource_index/packages
[1.834s] symbolically linking /home/wlwnstn2396/xycar_ws/build/my_imu/package.xml -> /home/wlwnstn2396/xycar_ws/install/my_imu/share/my_imu
[1.901s] Invoked command in '/home/wlwnstn2396/xycar_ws/build/my_imu' returned '0': PYTHONPATH=/home/wlwnstn2396/xycar_ws/build/my_imu/prefix_override:/usr/lib/python3/dist-packages/colcon_core/task/python/colcon_distutils_commands:/home/wlwnstn2396/xycar_ws/install/my_imu/lib/python3.10/site-packages:${PYTHONPATH} /usr/bin/python3 -W ignore:setup.py install is deprecated -W ignore:easy_install command is deprecated setup.py develop --editable --build-directory /home/wlwnstn2396/xycar_ws/build/my_imu/build --no-deps symlink_data
