running develop
running egg_info
creating track_drive.egg-info
writing track_drive.egg-info/PKG-INFO
writing dependency_links to track_drive.egg-info/dependency_links.txt
writing entry points to track_drive.egg-info/entry_points.txt
writing requirements to track_drive.egg-info/requires.txt
writing top-level names to track_drive.egg-info/top_level.txt
writing manifest file 'track_drive.egg-info/SOURCES.txt'
reading manifest file 'track_drive.egg-info/SOURCES.txt'
writing manifest file 'track_drive.egg-info/SOURCES.txt'
running build_ext
Creating /home/wlwnstn2396/xycar_ws/install/track_drive/lib/python3.10/site-packages/track-drive.egg-link (link to .)
Installing track_drive script to /home/wlwnstn2396/xycar_ws/install/track_drive/lib/track_drive

Installed /home/wlwnstn2396/xycar_ws/build/track_drive
running symlink_data
creating /home/wlwnstn2396/xycar_ws/install/track_drive/share/ament_index
creating /home/wlwnstn2396/xycar_ws/install/track_drive/share/ament_index/resource_index
creating /home/wlwnstn2396/xycar_ws/install/track_drive/share/ament_index/resource_index/packages
symbolically linking /home/wlwnstn2396/xycar_ws/build/track_drive/resource/track_drive -> /home/wlwnstn2396/xycar_ws/install/track_drive/share/ament_index/resource_index/packages
symbolically linking /home/wlwnstn2396/xycar_ws/build/track_drive/package.xml -> /home/wlwnstn2396/xycar_ws/install/track_drive/share/track_drive
creating /home/wlwnstn2396/xycar_ws/install/track_drive/share/track_drive/launch
