[1.465s] Invoking command in '/home/wlwnstn2396/xycar_ws/build/track_drive': PYTHONPATH=/home/wlwnstn2396/xycar_ws/build/track_drive/prefix_override:/usr/lib/python3/dist-packages/colcon_core/task/python/colcon_distutils_commands:/home/wlwnstn2396/xycar_ws/install/track_drive/lib/python3.10/site-packages:${PYTHONPATH} /usr/bin/python3 -W ignore:setup.py install is deprecated -W ignore:easy_install command is deprecated setup.py develop --editable --build-directory /home/wlwnstn2396/xycar_ws/build/track_drive/build --no-deps symlink_data
[1.679s] running develop
[1.809s] running egg_info
[1.810s] creating track_drive.egg-info
[1.810s] writing track_drive.egg-info/PKG-INFO
[1.810s] writing dependency_links to track_drive.egg-info/dependency_links.txt
[1.810s] writing entry points to track_drive.egg-info/entry_points.txt
[1.810s] writing requirements to track_drive.egg-info/requires.txt
[1.810s] writing top-level names to track_drive.egg-info/top_level.txt
[1.811s] writing manifest file 'track_drive.egg-info/SOURCES.txt'
[1.814s] reading manifest file 'track_drive.egg-info/SOURCES.txt'
[1.814s] writing manifest file 'track_drive.egg-info/SOURCES.txt'
[1.815s] running build_ext
[1.815s] Creating /home/wlwnstn2396/xycar_ws/install/track_drive/lib/python3.10/site-packages/track-drive.egg-link (link to .)
[1.815s] Installing track_drive script to /home/wlwnstn2396/xycar_ws/install/track_drive/lib/track_drive
[1.816s] 
[1.816s] Installed /home/wlwnstn2396/xycar_ws/build/track_drive
[1.816s] running symlink_data
[1.817s] creating /home/wlwnstn2396/xycar_ws/install/track_drive/share/ament_index
[1.817s] creating /home/wlwnstn2396/xycar_ws/install/track_drive/share/ament_index/resource_index
[1.817s] creating /home/wlwnstn2396/xycar_ws/install/track_drive/share/ament_index/resource_index/packages
[1.817s] symbolically linking /home/wlwnstn2396/xycar_ws/build/track_drive/resource/track_drive -> /home/wlwnstn2396/xycar_ws/install/track_drive/share/ament_index/resource_index/packages
[1.817s] symbolically linking /home/wlwnstn2396/xycar_ws/build/track_drive/package.xml -> /home/wlwnstn2396/xycar_ws/install/track_drive/share/track_drive
[1.817s] creating /home/wlwnstn2396/xycar_ws/install/track_drive/share/track_drive/launch
[1.891s] Invoked command in '/home/wlwnstn2396/xycar_ws/build/track_drive' returned '0': PYTHONPATH=/home/wlwnstn2396/xycar_ws/build/track_drive/prefix_override:/usr/lib/python3/dist-packages/colcon_core/task/python/colcon_distutils_commands:/home/wlwnstn2396/xycar_ws/install/track_drive/lib/python3.10/site-packages:${PYTHONPATH} /usr/bin/python3 -W ignore:setup.py install is deprecated -W ignore:easy_install command is deprecated setup.py develop --editable --build-directory /home/wlwnstn2396/xycar_ws/build/track_drive/build --no-deps symlink_data
