running develop
running egg_info
creating my_lidar.egg-info
writing my_lidar.egg-info/PKG-INFO
writing dependency_links to my_lidar.egg-info/dependency_links.txt
writing entry points to my_lidar.egg-info/entry_points.txt
writing requirements to my_lidar.egg-info/requires.txt
writing top-level names to my_lidar.egg-info/top_level.txt
writing manifest file 'my_lidar.egg-info/SOURCES.txt'
reading manifest file 'my_lidar.egg-info/SOURCES.txt'
writing manifest file 'my_lidar.egg-info/SOURCES.txt'
running build_ext
Creating /home/wlwnstn2396/xycar_ws/install/my_lidar/lib/python3.10/site-packages/my-lidar.egg-link (link to .)
Installing lidar_scan script to /home/wlwnstn2396/xycar_ws/install/my_lidar/lib/my_lidar
Installing lidar_viewer script to /home/wlwnstn2396/xycar_ws/install/my_lidar/lib/my_lidar

Installed /home/wlwnstn2396/xycar_ws/build/my_lidar
running symlink_data
creating /home/wlwnstn2396/xycar_ws/install/my_lidar/share/ament_index
creating /home/wlwnstn2396/xycar_ws/install/my_lidar/share/ament_index/resource_index
creating /home/wlwnstn2396/xycar_ws/install/my_lidar/share/ament_index/resource_index/packages
symbolically linking /home/wlwnstn2396/xycar_ws/build/my_lidar/resource/my_lidar -> /home/wlwnstn2396/xycar_ws/install/my_lidar/share/ament_index/resource_index/packages
symbolically linking /home/wlwnstn2396/xycar_ws/build/my_lidar/package.xml -> /home/wlwnstn2396/xycar_ws/install/my_lidar/share/my_lidar
