[0.199s] DEBUG:colcon:Command line arguments: ['/usr/bin/colcon', 'build', '--symlink-install']
[0.199s] DEBUG:colcon:Parsed command line arguments: Namespace(log_base=None, log_level=None, verb_name='build', build_base='build', install_base='install', merge_install=False, symlink_install=True, test_result_base=None, continue_on_error=False, executor='parallel', parallel_workers=16, event_handlers=None, ignore_user_meta=False, metas=['./colcon.meta'], base_paths=['.'], packages_ignore=None, packages_ignore_regex=None, paths=None, packages_up_to=None, packages_up_to_regex=None, packages_above=None, packages_above_and_dependencies=None, packages_above_depth=None, packages_select_by_dep=None, packages_skip_by_dep=None, packages_skip_up_to=None, packages_select_build_failed=False, packages_skip_build_finished=False, packages_select_test_failures=False, packages_skip_test_passed=False, packages_select=None, packages_skip=None, packages_select_regex=None, packages_skip_regex=None, packages_start=None, packages_end=None, allow_overriding=[], cmake_args=None, cmake_target=None, cmake_target_skip_unavailable=False, cmake_clean_cache=False, cmake_clean_first=False, cmake_force_configure=False, ament_cmake_args=None, catkin_cmake_args=None, catkin_skip_building_tests=False, verb_parser=<colcon_defaults.argument_parser.defaults.DefaultArgumentsDecorator object at 0x7de3dc123550>, verb_extension=<colcon_core.verb.build.BuildVerb object at 0x7de3dc123040>, main=<bound method BuildVerb.main of <colcon_core.verb.build.BuildVerb object at 0x7de3dc123040>>)
[0.359s] Level 1:colcon.colcon_core.package_discovery:discover_packages(colcon_meta) check parameters
[0.359s] Level 1:colcon.colcon_core.package_discovery:discover_packages(recursive) check parameters
[0.359s] Level 1:colcon.colcon_core.package_discovery:discover_packages(ignore) check parameters
[0.359s] Level 1:colcon.colcon_core.package_discovery:discover_packages(path) check parameters
[0.359s] Level 1:colcon.colcon_core.package_discovery:discover_packages(colcon_meta) discover
[0.359s] Level 1:colcon.colcon_core.package_discovery:discover_packages(recursive) discover
[0.359s] INFO:colcon.colcon_core.package_discovery:Crawling recursively for packages in '/home/wlwnstn2396/xycar_ws'
[0.359s] Level 1:colcon.colcon_core.package_identification:_identify(.) by extensions ['ignore', 'ignore_ament_install']
[0.359s] Level 1:colcon.colcon_core.package_identification:_identify(.) by extension 'ignore'
[0.359s] Level 1:colcon.colcon_core.package_identification:_identify(.) by extension 'ignore_ament_install'
[0.360s] Level 1:colcon.colcon_core.package_identification:_identify(.) by extensions ['colcon_pkg']
[0.360s] Level 1:colcon.colcon_core.package_identification:_identify(.) by extension 'colcon_pkg'
[0.360s] Level 1:colcon.colcon_core.package_identification:_identify(.) by extensions ['colcon_meta']
[0.360s] Level 1:colcon.colcon_core.package_identification:_identify(.) by extension 'colcon_meta'
[0.360s] Level 1:colcon.colcon_core.package_identification:_identify(.) by extensions ['ros']
[0.360s] Level 1:colcon.colcon_core.package_identification:_identify(.) by extension 'ros'
[0.371s] Level 1:colcon.colcon_core.package_identification:_identify(.) by extensions ['cmake', 'python']
[0.371s] Level 1:colcon.colcon_core.package_identification:_identify(.) by extension 'cmake'
[0.372s] Level 1:colcon.colcon_core.package_identification:_identify(.) by extension 'python'
[0.372s] Level 1:colcon.colcon_core.package_identification:_identify(.) by extensions ['python_setup_py']
[0.372s] Level 1:colcon.colcon_core.package_identification:_identify(.) by extension 'python_setup_py'
[0.372s] Level 1:colcon.colcon_core.package_identification:_identify(build) by extensions ['ignore', 'ignore_ament_install']
[0.372s] Level 1:colcon.colcon_core.package_identification:_identify(build) by extension 'ignore'
[0.372s] Level 1:colcon.colcon_core.package_identification:_identify(build) ignored
[0.372s] Level 1:colcon.colcon_core.package_identification:_identify(install) by extensions ['ignore', 'ignore_ament_install']
[0.372s] Level 1:colcon.colcon_core.package_identification:_identify(install) by extension 'ignore'
[0.372s] Level 1:colcon.colcon_core.package_identification:_identify(install) ignored
[0.372s] Level 1:colcon.colcon_core.package_identification:_identify(log) by extensions ['ignore', 'ignore_ament_install']
[0.372s] Level 1:colcon.colcon_core.package_identification:_identify(log) by extension 'ignore'
[0.372s] Level 1:colcon.colcon_core.package_identification:_identify(log) ignored
[0.372s] Level 1:colcon.colcon_core.package_identification:_identify(src) by extensions ['ignore', 'ignore_ament_install']
[0.372s] Level 1:colcon.colcon_core.package_identification:_identify(src) by extension 'ignore'
[0.372s] Level 1:colcon.colcon_core.package_identification:_identify(src) by extension 'ignore_ament_install'
[0.372s] Level 1:colcon.colcon_core.package_identification:_identify(src) by extensions ['colcon_pkg']
[0.372s] Level 1:colcon.colcon_core.package_identification:_identify(src) by extension 'colcon_pkg'
[0.373s] Level 1:colcon.colcon_core.package_identification:_identify(src) by extensions ['colcon_meta']
[0.373s] Level 1:colcon.colcon_core.package_identification:_identify(src) by extension 'colcon_meta'
[0.373s] Level 1:colcon.colcon_core.package_identification:_identify(src) by extensions ['ros']
[0.373s] Level 1:colcon.colcon_core.package_identification:_identify(src) by extension 'ros'
[0.373s] Level 1:colcon.colcon_core.package_identification:_identify(src) by extensions ['cmake', 'python']
[0.373s] Level 1:colcon.colcon_core.package_identification:_identify(src) by extension 'cmake'
[0.373s] Level 1:colcon.colcon_core.package_identification:_identify(src) by extension 'python'
[0.373s] Level 1:colcon.colcon_core.package_identification:_identify(src) by extensions ['python_setup_py']
[0.373s] Level 1:colcon.colcon_core.package_identification:_identify(src) by extension 'python_setup_py'
[0.373s] Level 1:colcon.colcon_core.package_identification:_identify(src/ROS-TCP-Endpoint-main-ros2) by extensions ['ignore', 'ignore_ament_install']
[0.373s] Level 1:colcon.colcon_core.package_identification:_identify(src/ROS-TCP-Endpoint-main-ros2) by extension 'ignore'
[0.373s] Level 1:colcon.colcon_core.package_identification:_identify(src/ROS-TCP-Endpoint-main-ros2) by extension 'ignore_ament_install'
[0.373s] Level 1:colcon.colcon_core.package_identification:_identify(src/ROS-TCP-Endpoint-main-ros2) by extensions ['colcon_pkg']
[0.373s] Level 1:colcon.colcon_core.package_identification:_identify(src/ROS-TCP-Endpoint-main-ros2) by extension 'colcon_pkg'
[0.373s] Level 1:colcon.colcon_core.package_identification:_identify(src/ROS-TCP-Endpoint-main-ros2) by extensions ['colcon_meta']
[0.373s] Level 1:colcon.colcon_core.package_identification:_identify(src/ROS-TCP-Endpoint-main-ros2) by extension 'colcon_meta'
[0.373s] Level 1:colcon.colcon_core.package_identification:_identify(src/ROS-TCP-Endpoint-main-ros2) by extensions ['ros']
[0.373s] Level 1:colcon.colcon_core.package_identification:_identify(src/ROS-TCP-Endpoint-main-ros2) by extension 'ros'
[0.411s] DEBUG:colcon.colcon_core.package_identification:Package 'src/ROS-TCP-Endpoint-main-ros2' with type 'ros.ament_python' and name 'ros_tcp_endpoint'
[0.411s] Level 1:colcon.colcon_core.package_identification:_identify(src/kookmin9_viewer) by extensions ['ignore', 'ignore_ament_install']
[0.411s] Level 1:colcon.colcon_core.package_identification:_identify(src/kookmin9_viewer) by extension 'ignore'
[0.411s] Level 1:colcon.colcon_core.package_identification:_identify(src/kookmin9_viewer) by extension 'ignore_ament_install'
[0.411s] Level 1:colcon.colcon_core.package_identification:_identify(src/kookmin9_viewer) by extensions ['colcon_pkg']
[0.411s] Level 1:colcon.colcon_core.package_identification:_identify(src/kookmin9_viewer) by extension 'colcon_pkg'
[0.411s] Level 1:colcon.colcon_core.package_identification:_identify(src/kookmin9_viewer) by extensions ['colcon_meta']
[0.411s] Level 1:colcon.colcon_core.package_identification:_identify(src/kookmin9_viewer) by extension 'colcon_meta'
[0.412s] Level 1:colcon.colcon_core.package_identification:_identify(src/kookmin9_viewer) by extensions ['ros']
[0.412s] Level 1:colcon.colcon_core.package_identification:_identify(src/kookmin9_viewer) by extension 'ros'
[0.413s] DEBUG:colcon.colcon_core.package_identification:Package 'src/kookmin9_viewer' with type 'ros.ament_python' and name 'kookmin9_viewer'
[0.413s] Level 1:colcon.colcon_core.package_identification:_identify(src/my_cam) by extensions ['ignore', 'ignore_ament_install']
[0.413s] Level 1:colcon.colcon_core.package_identification:_identify(src/my_cam) by extension 'ignore'
[0.413s] Level 1:colcon.colcon_core.package_identification:_identify(src/my_cam) by extension 'ignore_ament_install'
[0.413s] Level 1:colcon.colcon_core.package_identification:_identify(src/my_cam) by extensions ['colcon_pkg']
[0.413s] Level 1:colcon.colcon_core.package_identification:_identify(src/my_cam) by extension 'colcon_pkg'
[0.414s] Level 1:colcon.colcon_core.package_identification:_identify(src/my_cam) by extensions ['colcon_meta']
[0.414s] Level 1:colcon.colcon_core.package_identification:_identify(src/my_cam) by extension 'colcon_meta'
[0.414s] Level 1:colcon.colcon_core.package_identification:_identify(src/my_cam) by extensions ['ros']
[0.414s] Level 1:colcon.colcon_core.package_identification:_identify(src/my_cam) by extension 'ros'
[0.415s] DEBUG:colcon.colcon_core.package_identification:Package 'src/my_cam' with type 'ros.ament_python' and name 'my_cam'
[0.415s] Level 1:colcon.colcon_core.package_identification:_identify(src/my_imu) by extensions ['ignore', 'ignore_ament_install']
[0.415s] Level 1:colcon.colcon_core.package_identification:_identify(src/my_imu) by extension 'ignore'
[0.415s] Level 1:colcon.colcon_core.package_identification:_identify(src/my_imu) by extension 'ignore_ament_install'
[0.415s] Level 1:colcon.colcon_core.package_identification:_identify(src/my_imu) by extensions ['colcon_pkg']
[0.415s] Level 1:colcon.colcon_core.package_identification:_identify(src/my_imu) by extension 'colcon_pkg'
[0.415s] Level 1:colcon.colcon_core.package_identification:_identify(src/my_imu) by extensions ['colcon_meta']
[0.415s] Level 1:colcon.colcon_core.package_identification:_identify(src/my_imu) by extension 'colcon_meta'
[0.415s] Level 1:colcon.colcon_core.package_identification:_identify(src/my_imu) by extensions ['ros']
[0.415s] Level 1:colcon.colcon_core.package_identification:_identify(src/my_imu) by extension 'ros'
[0.417s] DEBUG:colcon.colcon_core.package_identification:Package 'src/my_imu' with type 'ros.ament_python' and name 'my_imu'
[0.417s] Level 1:colcon.colcon_core.package_identification:_identify(src/my_lidar) by extensions ['ignore', 'ignore_ament_install']
[0.417s] Level 1:colcon.colcon_core.package_identification:_identify(src/my_lidar) by extension 'ignore'
[0.417s] Level 1:colcon.colcon_core.package_identification:_identify(src/my_lidar) by extension 'ignore_ament_install'
[0.417s] Level 1:colcon.colcon_core.package_identification:_identify(src/my_lidar) by extensions ['colcon_pkg']
[0.417s] Level 1:colcon.colcon_core.package_identification:_identify(src/my_lidar) by extension 'colcon_pkg'
[0.417s] Level 1:colcon.colcon_core.package_identification:_identify(src/my_lidar) by extensions ['colcon_meta']
[0.417s] Level 1:colcon.colcon_core.package_identification:_identify(src/my_lidar) by extension 'colcon_meta'
[0.417s] Level 1:colcon.colcon_core.package_identification:_identify(src/my_lidar) by extensions ['ros']
[0.417s] Level 1:colcon.colcon_core.package_identification:_identify(src/my_lidar) by extension 'ros'
[0.418s] DEBUG:colcon.colcon_core.package_identification:Package 'src/my_lidar' with type 'ros.ament_python' and name 'my_lidar'
[0.418s] Level 1:colcon.colcon_core.package_identification:_identify(src/my_motor) by extensions ['ignore', 'ignore_ament_install']
[0.418s] Level 1:colcon.colcon_core.package_identification:_identify(src/my_motor) by extension 'ignore'
[0.418s] Level 1:colcon.colcon_core.package_identification:_identify(src/my_motor) by extension 'ignore_ament_install'
[0.419s] Level 1:colcon.colcon_core.package_identification:_identify(src/my_motor) by extensions ['colcon_pkg']
[0.419s] Level 1:colcon.colcon_core.package_identification:_identify(src/my_motor) by extension 'colcon_pkg'
[0.419s] Level 1:colcon.colcon_core.package_identification:_identify(src/my_motor) by extensions ['colcon_meta']
[0.419s] Level 1:colcon.colcon_core.package_identification:_identify(src/my_motor) by extension 'colcon_meta'
[0.419s] Level 1:colcon.colcon_core.package_identification:_identify(src/my_motor) by extensions ['ros']
[0.419s] Level 1:colcon.colcon_core.package_identification:_identify(src/my_motor) by extension 'ros'
[0.419s] DEBUG:colcon.colcon_core.package_identification:Package 'src/my_motor' with type 'ros.ament_python' and name 'my_motor'
[0.419s] Level 1:colcon.colcon_core.package_identification:_identify(src/track_drive) by extensions ['ignore', 'ignore_ament_install']
[0.420s] Level 1:colcon.colcon_core.package_identification:_identify(src/track_drive) by extension 'ignore'
[0.420s] Level 1:colcon.colcon_core.package_identification:_identify(src/track_drive) by extension 'ignore_ament_install'
[0.420s] Level 1:colcon.colcon_core.package_identification:_identify(src/track_drive) by extensions ['colcon_pkg']
[0.420s] Level 1:colcon.colcon_core.package_identification:_identify(src/track_drive) by extension 'colcon_pkg'
[0.420s] Level 1:colcon.colcon_core.package_identification:_identify(src/track_drive) by extensions ['colcon_meta']
[0.420s] Level 1:colcon.colcon_core.package_identification:_identify(src/track_drive) by extension 'colcon_meta'
[0.420s] Level 1:colcon.colcon_core.package_identification:_identify(src/track_drive) by extensions ['ros']
[0.420s] Level 1:colcon.colcon_core.package_identification:_identify(src/track_drive) by extension 'ros'
[0.420s] DEBUG:colcon.colcon_core.package_identification:Package 'src/track_drive' with type 'ros.ament_python' and name 'track_drive'
[0.421s] Level 1:colcon.colcon_core.package_identification:_identify(src/xycar_msgs) by extensions ['ignore', 'ignore_ament_install']
[0.421s] Level 1:colcon.colcon_core.package_identification:_identify(src/xycar_msgs) by extension 'ignore'
[0.421s] Level 1:colcon.colcon_core.package_identification:_identify(src/xycar_msgs) by extension 'ignore_ament_install'
[0.421s] Level 1:colcon.colcon_core.package_identification:_identify(src/xycar_msgs) by extensions ['colcon_pkg']
[0.421s] Level 1:colcon.colcon_core.package_identification:_identify(src/xycar_msgs) by extension 'colcon_pkg'
[0.421s] Level 1:colcon.colcon_core.package_identification:_identify(src/xycar_msgs) by extensions ['colcon_meta']
[0.421s] Level 1:colcon.colcon_core.package_identification:_identify(src/xycar_msgs) by extension 'colcon_meta'
[0.421s] Level 1:colcon.colcon_core.package_identification:_identify(src/xycar_msgs) by extensions ['ros']
[0.421s] Level 1:colcon.colcon_core.package_identification:_identify(src/xycar_msgs) by extension 'ros'
[0.422s] DEBUG:colcon.colcon_core.package_identification:Package 'src/xycar_msgs' with type 'ros.ament_cmake' and name 'xycar_msgs'
[0.422s] Level 1:colcon.colcon_core.package_discovery:discover_packages(recursive) using defaults
[0.422s] Level 1:colcon.colcon_core.package_discovery:discover_packages(ignore) discover
[0.422s] Level 1:colcon.colcon_core.package_discovery:discover_packages(ignore) using defaults
[0.422s] Level 1:colcon.colcon_core.package_discovery:discover_packages(path) discover
[0.422s] Level 1:colcon.colcon_core.package_discovery:discover_packages(path) using defaults
[0.463s] Level 1:colcon.colcon_core.package_discovery:discover_packages(prefix_path) check parameters
[0.463s] Level 1:colcon.colcon_core.package_discovery:discover_packages(prefix_path) discover
[0.464s] DEBUG:colcon.colcon_installed_package_information.package_discovery:Found 0 installed packages in /home/wlwnstn2396/xycar_ws/install
[0.465s] DEBUG:colcon.colcon_installed_package_information.package_discovery:Found 273 installed packages in /opt/ros/humble
[0.466s] Level 1:colcon.colcon_core.package_discovery:discover_packages(prefix_path) using defaults
[0.495s] Level 5:colcon.colcon_core.verb:set package 'my_imu' build argument 'cmake_args' from command line to 'None'
[0.496s] Level 5:colcon.colcon_core.verb:set package 'my_imu' build argument 'cmake_target' from command line to 'None'
[0.496s] Level 5:colcon.colcon_core.verb:set package 'my_imu' build argument 'cmake_target_skip_unavailable' from command line to 'False'
[0.496s] Level 5:colcon.colcon_core.verb:set package 'my_imu' build argument 'cmake_clean_cache' from command line to 'False'
[0.496s] Level 5:colcon.colcon_core.verb:set package 'my_imu' build argument 'cmake_clean_first' from command line to 'False'
[0.496s] Level 5:colcon.colcon_core.verb:set package 'my_imu' build argument 'cmake_force_configure' from command line to 'False'
[0.496s] Level 5:colcon.colcon_core.verb:set package 'my_imu' build argument 'ament_cmake_args' from command line to 'None'
[0.496s] Level 5:colcon.colcon_core.verb:set package 'my_imu' build argument 'catkin_cmake_args' from command line to 'None'
[0.496s] Level 5:colcon.colcon_core.verb:set package 'my_imu' build argument 'catkin_skip_building_tests' from command line to 'False'
[0.496s] DEBUG:colcon.colcon_core.verb:Building package 'my_imu' with the following arguments: {'ament_cmake_args': None, 'build_base': '/home/wlwnstn2396/xycar_ws/build/my_imu', 'catkin_cmake_args': None, 'catkin_skip_building_tests': False, 'cmake_args': None, 'cmake_clean_cache': False, 'cmake_clean_first': False, 'cmake_force_configure': False, 'cmake_target': None, 'cmake_target_skip_unavailable': False, 'install_base': '/home/wlwnstn2396/xycar_ws/install/my_imu', 'merge_install': False, 'path': '/home/wlwnstn2396/xycar_ws/src/my_imu', 'symlink_install': True, 'test_result_base': None}
[0.496s] Level 5:colcon.colcon_core.verb:set package 'my_motor' build argument 'cmake_args' from command line to 'None'
[0.496s] Level 5:colcon.colcon_core.verb:set package 'my_motor' build argument 'cmake_target' from command line to 'None'
[0.496s] Level 5:colcon.colcon_core.verb:set package 'my_motor' build argument 'cmake_target_skip_unavailable' from command line to 'False'
[0.496s] Level 5:colcon.colcon_core.verb:set package 'my_motor' build argument 'cmake_clean_cache' from command line to 'False'
[0.496s] Level 5:colcon.colcon_core.verb:set package 'my_motor' build argument 'cmake_clean_first' from command line to 'False'
[0.496s] Level 5:colcon.colcon_core.verb:set package 'my_motor' build argument 'cmake_force_configure' from command line to 'False'
[0.496s] Level 5:colcon.colcon_core.verb:set package 'my_motor' build argument 'ament_cmake_args' from command line to 'None'
[0.496s] Level 5:colcon.colcon_core.verb:set package 'my_motor' build argument 'catkin_cmake_args' from command line to 'None'
[0.496s] Level 5:colcon.colcon_core.verb:set package 'my_motor' build argument 'catkin_skip_building_tests' from command line to 'False'
[0.496s] DEBUG:colcon.colcon_core.verb:Building package 'my_motor' with the following arguments: {'ament_cmake_args': None, 'build_base': '/home/wlwnstn2396/xycar_ws/build/my_motor', 'catkin_cmake_args': None, 'catkin_skip_building_tests': False, 'cmake_args': None, 'cmake_clean_cache': False, 'cmake_clean_first': False, 'cmake_force_configure': False, 'cmake_target': None, 'cmake_target_skip_unavailable': False, 'install_base': '/home/wlwnstn2396/xycar_ws/install/my_motor', 'merge_install': False, 'path': '/home/wlwnstn2396/xycar_ws/src/my_motor', 'symlink_install': True, 'test_result_base': None}
[0.497s] Level 5:colcon.colcon_core.verb:set package 'ros_tcp_endpoint' build argument 'cmake_args' from command line to 'None'
[0.497s] Level 5:colcon.colcon_core.verb:set package 'ros_tcp_endpoint' build argument 'cmake_target' from command line to 'None'
[0.497s] Level 5:colcon.colcon_core.verb:set package 'ros_tcp_endpoint' build argument 'cmake_target_skip_unavailable' from command line to 'False'
[0.497s] Level 5:colcon.colcon_core.verb:set package 'ros_tcp_endpoint' build argument 'cmake_clean_cache' from command line to 'False'
[0.497s] Level 5:colcon.colcon_core.verb:set package 'ros_tcp_endpoint' build argument 'cmake_clean_first' from command line to 'False'
[0.497s] Level 5:colcon.colcon_core.verb:set package 'ros_tcp_endpoint' build argument 'cmake_force_configure' from command line to 'False'
[0.497s] Level 5:colcon.colcon_core.verb:set package 'ros_tcp_endpoint' build argument 'ament_cmake_args' from command line to 'None'
[0.497s] Level 5:colcon.colcon_core.verb:set package 'ros_tcp_endpoint' build argument 'catkin_cmake_args' from command line to 'None'
[0.497s] Level 5:colcon.colcon_core.verb:set package 'ros_tcp_endpoint' build argument 'catkin_skip_building_tests' from command line to 'False'
[0.497s] DEBUG:colcon.colcon_core.verb:Building package 'ros_tcp_endpoint' with the following arguments: {'ament_cmake_args': None, 'build_base': '/home/wlwnstn2396/xycar_ws/build/ros_tcp_endpoint', 'catkin_cmake_args': None, 'catkin_skip_building_tests': False, 'cmake_args': None, 'cmake_clean_cache': False, 'cmake_clean_first': False, 'cmake_force_configure': False, 'cmake_target': None, 'cmake_target_skip_unavailable': False, 'install_base': '/home/wlwnstn2396/xycar_ws/install/ros_tcp_endpoint', 'merge_install': False, 'path': '/home/wlwnstn2396/xycar_ws/src/ROS-TCP-Endpoint-main-ros2', 'symlink_install': True, 'test_result_base': None}
[0.497s] Level 5:colcon.colcon_core.verb:set package 'track_drive' build argument 'cmake_args' from command line to 'None'
[0.497s] Level 5:colcon.colcon_core.verb:set package 'track_drive' build argument 'cmake_target' from command line to 'None'
[0.497s] Level 5:colcon.colcon_core.verb:set package 'track_drive' build argument 'cmake_target_skip_unavailable' from command line to 'False'
[0.497s] Level 5:colcon.colcon_core.verb:set package 'track_drive' build argument 'cmake_clean_cache' from command line to 'False'
[0.497s] Level 5:colcon.colcon_core.verb:set package 'track_drive' build argument 'cmake_clean_first' from command line to 'False'
[0.497s] Level 5:colcon.colcon_core.verb:set package 'track_drive' build argument 'cmake_force_configure' from command line to 'False'
[0.497s] Level 5:colcon.colcon_core.verb:set package 'track_drive' build argument 'ament_cmake_args' from command line to 'None'
[0.497s] Level 5:colcon.colcon_core.verb:set package 'track_drive' build argument 'catkin_cmake_args' from command line to 'None'
[0.497s] Level 5:colcon.colcon_core.verb:set package 'track_drive' build argument 'catkin_skip_building_tests' from command line to 'False'
[0.497s] DEBUG:colcon.colcon_core.verb:Building package 'track_drive' with the following arguments: {'ament_cmake_args': None, 'build_base': '/home/wlwnstn2396/xycar_ws/build/track_drive', 'catkin_cmake_args': None, 'catkin_skip_building_tests': False, 'cmake_args': None, 'cmake_clean_cache': False, 'cmake_clean_first': False, 'cmake_force_configure': False, 'cmake_target': None, 'cmake_target_skip_unavailable': False, 'install_base': '/home/wlwnstn2396/xycar_ws/install/track_drive', 'merge_install': False, 'path': '/home/wlwnstn2396/xycar_ws/src/track_drive', 'symlink_install': True, 'test_result_base': None}
[0.497s] Level 5:colcon.colcon_core.verb:set package 'xycar_msgs' build argument 'cmake_args' from command line to 'None'
[0.497s] Level 5:colcon.colcon_core.verb:set package 'xycar_msgs' build argument 'cmake_target' from command line to 'None'
[0.497s] Level 5:colcon.colcon_core.verb:set package 'xycar_msgs' build argument 'cmake_target_skip_unavailable' from command line to 'False'
[0.497s] Level 5:colcon.colcon_core.verb:set package 'xycar_msgs' build argument 'cmake_clean_cache' from command line to 'False'
[0.497s] Level 5:colcon.colcon_core.verb:set package 'xycar_msgs' build argument 'cmake_clean_first' from command line to 'False'
[0.497s] Level 5:colcon.colcon_core.verb:set package 'xycar_msgs' build argument 'cmake_force_configure' from command line to 'False'
[0.497s] Level 5:colcon.colcon_core.verb:set package 'xycar_msgs' build argument 'ament_cmake_args' from command line to 'None'
[0.497s] Level 5:colcon.colcon_core.verb:set package 'xycar_msgs' build argument 'catkin_cmake_args' from command line to 'None'
[0.497s] Level 5:colcon.colcon_core.verb:set package 'xycar_msgs' build argument 'catkin_skip_building_tests' from command line to 'False'
[0.497s] DEBUG:colcon.colcon_core.verb:Building package 'xycar_msgs' with the following arguments: {'ament_cmake_args': None, 'build_base': '/home/wlwnstn2396/xycar_ws/build/xycar_msgs', 'catkin_cmake_args': None, 'catkin_skip_building_tests': False, 'cmake_args': None, 'cmake_clean_cache': False, 'cmake_clean_first': False, 'cmake_force_configure': False, 'cmake_target': None, 'cmake_target_skip_unavailable': False, 'install_base': '/home/wlwnstn2396/xycar_ws/install/xycar_msgs', 'merge_install': False, 'path': '/home/wlwnstn2396/xycar_ws/src/xycar_msgs', 'symlink_install': True, 'test_result_base': None}
[0.498s] Level 5:colcon.colcon_core.verb:set package 'kookmin9_viewer' build argument 'cmake_args' from command line to 'None'
[0.498s] Level 5:colcon.colcon_core.verb:set package 'kookmin9_viewer' build argument 'cmake_target' from command line to 'None'
[0.498s] Level 5:colcon.colcon_core.verb:set package 'kookmin9_viewer' build argument 'cmake_target_skip_unavailable' from command line to 'False'
[0.498s] Level 5:colcon.colcon_core.verb:set package 'kookmin9_viewer' build argument 'cmake_clean_cache' from command line to 'False'
[0.498s] Level 5:colcon.colcon_core.verb:set package 'kookmin9_viewer' build argument 'cmake_clean_first' from command line to 'False'
[0.498s] Level 5:colcon.colcon_core.verb:set package 'kookmin9_viewer' build argument 'cmake_force_configure' from command line to 'False'
[0.498s] Level 5:colcon.colcon_core.verb:set package 'kookmin9_viewer' build argument 'ament_cmake_args' from command line to 'None'
[0.498s] Level 5:colcon.colcon_core.verb:set package 'kookmin9_viewer' build argument 'catkin_cmake_args' from command line to 'None'
[0.498s] Level 5:colcon.colcon_core.verb:set package 'kookmin9_viewer' build argument 'catkin_skip_building_tests' from command line to 'False'
[0.498s] DEBUG:colcon.colcon_core.verb:Building package 'kookmin9_viewer' with the following arguments: {'ament_cmake_args': None, 'build_base': '/home/wlwnstn2396/xycar_ws/build/kookmin9_viewer', 'catkin_cmake_args': None, 'catkin_skip_building_tests': False, 'cmake_args': None, 'cmake_clean_cache': False, 'cmake_clean_first': False, 'cmake_force_configure': False, 'cmake_target': None, 'cmake_target_skip_unavailable': False, 'install_base': '/home/wlwnstn2396/xycar_ws/install/kookmin9_viewer', 'merge_install': False, 'path': '/home/wlwnstn2396/xycar_ws/src/kookmin9_viewer', 'symlink_install': True, 'test_result_base': None}
[0.498s] Level 5:colcon.colcon_core.verb:set package 'my_cam' build argument 'cmake_args' from command line to 'None'
[0.498s] Level 5:colcon.colcon_core.verb:set package 'my_cam' build argument 'cmake_target' from command line to 'None'
[0.498s] Level 5:colcon.colcon_core.verb:set package 'my_cam' build argument 'cmake_target_skip_unavailable' from command line to 'False'
[0.498s] Level 5:colcon.colcon_core.verb:set package 'my_cam' build argument 'cmake_clean_cache' from command line to 'False'
[0.498s] Level 5:colcon.colcon_core.verb:set package 'my_cam' build argument 'cmake_clean_first' from command line to 'False'
[0.498s] Level 5:colcon.colcon_core.verb:set package 'my_cam' build argument 'cmake_force_configure' from command line to 'False'
[0.498s] Level 5:colcon.colcon_core.verb:set package 'my_cam' build argument 'ament_cmake_args' from command line to 'None'
[0.498s] Level 5:colcon.colcon_core.verb:set package 'my_cam' build argument 'catkin_cmake_args' from command line to 'None'
[0.498s] Level 5:colcon.colcon_core.verb:set package 'my_cam' build argument 'catkin_skip_building_tests' from command line to 'False'
[0.498s] DEBUG:colcon.colcon_core.verb:Building package 'my_cam' with the following arguments: {'ament_cmake_args': None, 'build_base': '/home/wlwnstn2396/xycar_ws/build/my_cam', 'catkin_cmake_args': None, 'catkin_skip_building_tests': False, 'cmake_args': None, 'cmake_clean_cache': False, 'cmake_clean_first': False, 'cmake_force_configure': False, 'cmake_target': None, 'cmake_target_skip_unavailable': False, 'install_base': '/home/wlwnstn2396/xycar_ws/install/my_cam', 'merge_install': False, 'path': '/home/wlwnstn2396/xycar_ws/src/my_cam', 'symlink_install': True, 'test_result_base': None}
[0.499s] Level 5:colcon.colcon_core.verb:set package 'my_lidar' build argument 'cmake_args' from command line to 'None'
[0.499s] Level 5:colcon.colcon_core.verb:set package 'my_lidar' build argument 'cmake_target' from command line to 'None'
[0.499s] Level 5:colcon.colcon_core.verb:set package 'my_lidar' build argument 'cmake_target_skip_unavailable' from command line to 'False'
[0.499s] Level 5:colcon.colcon_core.verb:set package 'my_lidar' build argument 'cmake_clean_cache' from command line to 'False'
[0.499s] Level 5:colcon.colcon_core.verb:set package 'my_lidar' build argument 'cmake_clean_first' from command line to 'False'
[0.499s] Level 5:colcon.colcon_core.verb:set package 'my_lidar' build argument 'cmake_force_configure' from command line to 'False'
[0.499s] Level 5:colcon.colcon_core.verb:set package 'my_lidar' build argument 'ament_cmake_args' from command line to 'None'
[0.499s] Level 5:colcon.colcon_core.verb:set package 'my_lidar' build argument 'catkin_cmake_args' from command line to 'None'
[0.499s] Level 5:colcon.colcon_core.verb:set package 'my_lidar' build argument 'catkin_skip_building_tests' from command line to 'False'
[0.499s] DEBUG:colcon.colcon_core.verb:Building package 'my_lidar' with the following arguments: {'ament_cmake_args': None, 'build_base': '/home/wlwnstn2396/xycar_ws/build/my_lidar', 'catkin_cmake_args': None, 'catkin_skip_building_tests': False, 'cmake_args': None, 'cmake_clean_cache': False, 'cmake_clean_first': False, 'cmake_force_configure': False, 'cmake_target': None, 'cmake_target_skip_unavailable': False, 'install_base': '/home/wlwnstn2396/xycar_ws/install/my_lidar', 'merge_install': False, 'path': '/home/wlwnstn2396/xycar_ws/src/my_lidar', 'symlink_install': True, 'test_result_base': None}
[0.499s] INFO:colcon.colcon_core.executor:Executing jobs using 'parallel' executor
[0.500s] DEBUG:colcon.colcon_parallel_executor.executor.parallel:run_until_complete
[0.500s] INFO:colcon.colcon_ros.task.ament_cmake.build:Building ROS package in '/home/wlwnstn2396/xycar_ws/src/xycar_msgs' with build type 'ament_cmake'
[0.500s] INFO:colcon.colcon_cmake.task.cmake.build:Building CMake package in '/home/wlwnstn2396/xycar_ws/src/xycar_msgs'
[0.503s] INFO:colcon.colcon_core.plugin_system:Skipping extension 'colcon_core.shell.bat': Not used on non-Windows systems
[0.503s] INFO:colcon.colcon_core.shell:Skip shell extension 'powershell' for command environment: Not usable outside of PowerShell
[0.503s] DEBUG:colcon.colcon_core.shell:Skip shell extension 'dsv' for command environment
[0.507s] INFO:colcon.colcon_ros.task.ament_python.build:Building ROS package in '/home/wlwnstn2396/xycar_ws/src/my_imu' with build type 'ament_python'
[0.508s] Level 1:colcon.colcon_core.shell:create_environment_hook('my_imu', 'ament_prefix_path')
[0.508s] INFO:colcon.colcon_core.shell:Creating environment hook '/home/wlwnstn2396/xycar_ws/install/my_imu/share/my_imu/hook/ament_prefix_path.ps1'
[0.510s] INFO:colcon.colcon_core.shell:Creating environment descriptor '/home/wlwnstn2396/xycar_ws/install/my_imu/share/my_imu/hook/ament_prefix_path.dsv'
[0.511s] INFO:colcon.colcon_core.shell:Creating environment hook '/home/wlwnstn2396/xycar_ws/install/my_imu/share/my_imu/hook/ament_prefix_path.sh'
[0.512s] INFO:colcon.colcon_core.shell:Skip shell extension 'powershell' for command environment: Not usable outside of PowerShell
[0.512s] DEBUG:colcon.colcon_core.shell:Skip shell extension 'dsv' for command environment
[0.515s] INFO:colcon.colcon_ros.task.ament_python.build:Building ROS package in '/home/wlwnstn2396/xycar_ws/src/my_motor' with build type 'ament_python'
[0.515s] Level 1:colcon.colcon_core.shell:create_environment_hook('my_motor', 'ament_prefix_path')
[0.515s] INFO:colcon.colcon_core.shell:Creating environment hook '/home/wlwnstn2396/xycar_ws/install/my_motor/share/my_motor/hook/ament_prefix_path.ps1'
[0.517s] INFO:colcon.colcon_core.shell:Creating environment descriptor '/home/wlwnstn2396/xycar_ws/install/my_motor/share/my_motor/hook/ament_prefix_path.dsv'
[0.518s] INFO:colcon.colcon_core.shell:Creating environment hook '/home/wlwnstn2396/xycar_ws/install/my_motor/share/my_motor/hook/ament_prefix_path.sh'
[0.519s] INFO:colcon.colcon_core.shell:Skip shell extension 'powershell' for command environment: Not usable outside of PowerShell
[0.519s] DEBUG:colcon.colcon_core.shell:Skip shell extension 'dsv' for command environment
[0.522s] INFO:colcon.colcon_ros.task.ament_python.build:Building ROS package in '/home/wlwnstn2396/xycar_ws/src/ROS-TCP-Endpoint-main-ros2' with build type 'ament_python'
[0.522s] Level 1:colcon.colcon_core.shell:create_environment_hook('ros_tcp_endpoint', 'ament_prefix_path')
[0.523s] INFO:colcon.colcon_core.shell:Creating environment hook '/home/wlwnstn2396/xycar_ws/install/ros_tcp_endpoint/share/ros_tcp_endpoint/hook/ament_prefix_path.ps1'
[0.524s] INFO:colcon.colcon_core.shell:Creating environment descriptor '/home/wlwnstn2396/xycar_ws/install/ros_tcp_endpoint/share/ros_tcp_endpoint/hook/ament_prefix_path.dsv'
[0.524s] INFO:colcon.colcon_core.shell:Creating environment hook '/home/wlwnstn2396/xycar_ws/install/ros_tcp_endpoint/share/ros_tcp_endpoint/hook/ament_prefix_path.sh'
[0.525s] INFO:colcon.colcon_core.shell:Skip shell extension 'powershell' for command environment: Not usable outside of PowerShell
[0.525s] DEBUG:colcon.colcon_core.shell:Skip shell extension 'dsv' for command environment
[0.529s] INFO:colcon.colcon_ros.task.ament_python.build:Building ROS package in '/home/wlwnstn2396/xycar_ws/src/track_drive' with build type 'ament_python'
[0.529s] Level 1:colcon.colcon_core.shell:create_environment_hook('track_drive', 'ament_prefix_path')
[0.529s] INFO:colcon.colcon_core.shell:Creating environment hook '/home/wlwnstn2396/xycar_ws/install/track_drive/share/track_drive/hook/ament_prefix_path.ps1'
[0.531s] INFO:colcon.colcon_core.shell:Creating environment descriptor '/home/wlwnstn2396/xycar_ws/install/track_drive/share/track_drive/hook/ament_prefix_path.dsv'
[0.532s] INFO:colcon.colcon_core.shell:Creating environment hook '/home/wlwnstn2396/xycar_ws/install/track_drive/share/track_drive/hook/ament_prefix_path.sh'
[0.532s] INFO:colcon.colcon_core.shell:Skip shell extension 'powershell' for command environment: Not usable outside of PowerShell
[0.532s] DEBUG:colcon.colcon_core.shell:Skip shell extension 'dsv' for command environment
[0.544s] DEBUG:colcon.colcon_core.event_handler.log_command:Invoking command in '/home/wlwnstn2396/xycar_ws/build/xycar_msgs': CMAKE_PREFIX_PATH=/opt/ros/humble /usr/bin/cmake /home/wlwnstn2396/xycar_ws/src/xycar_msgs -DAMENT_CMAKE_SYMLINK_INSTALL=1 -DCMAKE_INSTALL_PREFIX=/home/wlwnstn2396/xycar_ws/install/xycar_msgs
[0.788s] INFO:colcon.colcon_core.task.python.build:Building Python package in '/home/wlwnstn2396/xycar_ws/src/my_imu'
[0.788s] INFO:colcon.colcon_core.shell:Skip shell extension 'powershell' for command environment: Not usable outside of PowerShell
[0.788s] DEBUG:colcon.colcon_core.shell:Skip shell extension 'dsv' for command environment
[1.004s] INFO:colcon.colcon_core.task.python.build:Building Python package in '/home/wlwnstn2396/xycar_ws/src/my_motor'
[1.004s] INFO:colcon.colcon_core.shell:Skip shell extension 'powershell' for command environment: Not usable outside of PowerShell
[1.005s] DEBUG:colcon.colcon_core.shell:Skip shell extension 'dsv' for command environment
[1.231s] INFO:colcon.colcon_core.task.python.build:Building Python package in '/home/wlwnstn2396/xycar_ws/src/ROS-TCP-Endpoint-main-ros2'
[1.231s] INFO:colcon.colcon_core.shell:Skip shell extension 'powershell' for command environment: Not usable outside of PowerShell
[1.231s] DEBUG:colcon.colcon_core.shell:Skip shell extension 'dsv' for command environment
[1.449s] INFO:colcon.colcon_core.task.python.build:Building Python package in '/home/wlwnstn2396/xycar_ws/src/track_drive'
[1.450s] INFO:colcon.colcon_core.shell:Skip shell extension 'powershell' for command environment: Not usable outside of PowerShell
[1.450s] DEBUG:colcon.colcon_core.shell:Skip shell extension 'dsv' for command environment
[1.988s] DEBUG:colcon.colcon_core.event_handler.log_command:Invoking command in '/home/wlwnstn2396/xycar_ws/build/my_motor': PYTHONPATH=/home/wlwnstn2396/xycar_ws/build/my_motor/prefix_override:/usr/lib/python3/dist-packages/colcon_core/task/python/colcon_distutils_commands:/home/wlwnstn2396/xycar_ws/install/my_motor/lib/python3.10/site-packages:${PYTHONPATH} /usr/bin/python3 -W ignore:setup.py install is deprecated -W ignore:easy_install command is deprecated setup.py develop --editable --build-directory /home/wlwnstn2396/xycar_ws/build/my_motor/build --no-deps symlink_data
[1.991s] DEBUG:colcon.colcon_core.event_handler.log_command:Invoking command in '/home/wlwnstn2396/xycar_ws/build/my_imu': PYTHONPATH=/home/wlwnstn2396/xycar_ws/build/my_imu/prefix_override:/usr/lib/python3/dist-packages/colcon_core/task/python/colcon_distutils_commands:/home/wlwnstn2396/xycar_ws/install/my_imu/lib/python3.10/site-packages:${PYTHONPATH} /usr/bin/python3 -W ignore:setup.py install is deprecated -W ignore:easy_install command is deprecated setup.py develop --editable --build-directory /home/wlwnstn2396/xycar_ws/build/my_imu/build --no-deps symlink_data
[1.994s] DEBUG:colcon.colcon_core.event_handler.log_command:Invoking command in '/home/wlwnstn2396/xycar_ws/build/track_drive': PYTHONPATH=/home/wlwnstn2396/xycar_ws/build/track_drive/prefix_override:/usr/lib/python3/dist-packages/colcon_core/task/python/colcon_distutils_commands:/home/wlwnstn2396/xycar_ws/install/track_drive/lib/python3.10/site-packages:${PYTHONPATH} /usr/bin/python3 -W ignore:setup.py install is deprecated -W ignore:easy_install command is deprecated setup.py develop --editable --build-directory /home/wlwnstn2396/xycar_ws/build/track_drive/build --no-deps symlink_data
[2.000s] DEBUG:colcon.colcon_core.event_handler.log_command:Invoking command in '/home/wlwnstn2396/xycar_ws/build/ros_tcp_endpoint': PYTHONPATH=/home/wlwnstn2396/xycar_ws/build/ros_tcp_endpoint/prefix_override:/usr/lib/python3/dist-packages/colcon_core/task/python/colcon_distutils_commands:/home/wlwnstn2396/xycar_ws/install/ros_tcp_endpoint/lib/python3.10/site-packages:${PYTHONPATH} /usr/bin/python3 -W ignore:setup.py install is deprecated -W ignore:easy_install command is deprecated setup.py develop --editable --build-directory /home/wlwnstn2396/xycar_ws/build/ros_tcp_endpoint/build --no-deps symlink_data
[2.380s] Level 1:colcon.colcon_core.shell:create_environment_hook('my_motor', 'pythonpath_develop')
[2.381s] DEBUG:colcon.colcon_core.event_handler.log_command:Invoked command in '/home/wlwnstn2396/xycar_ws/build/my_motor' returned '0': PYTHONPATH=/home/wlwnstn2396/xycar_ws/build/my_motor/prefix_override:/usr/lib/python3/dist-packages/colcon_core/task/python/colcon_distutils_commands:/home/wlwnstn2396/xycar_ws/install/my_motor/lib/python3.10/site-packages:${PYTHONPATH} /usr/bin/python3 -W ignore:setup.py install is deprecated -W ignore:easy_install command is deprecated setup.py develop --editable --build-directory /home/wlwnstn2396/xycar_ws/build/my_motor/build --no-deps symlink_data
[2.381s] INFO:colcon.colcon_core.shell:Creating environment hook '/home/wlwnstn2396/xycar_ws/build/my_motor/share/my_motor/hook/pythonpath_develop.ps1'
[2.385s] INFO:colcon.colcon_core.shell:Creating environment descriptor '/home/wlwnstn2396/xycar_ws/build/my_motor/share/my_motor/hook/pythonpath_develop.dsv'
[2.385s] INFO:colcon.colcon_core.shell:Creating environment hook '/home/wlwnstn2396/xycar_ws/build/my_motor/share/my_motor/hook/pythonpath_develop.sh'
[2.394s] Level 1:colcon.colcon_core.environment:checking '/home/wlwnstn2396/xycar_ws/install/my_motor' for CMake module files
[2.394s] Level 1:colcon.colcon_core.environment:checking '/home/wlwnstn2396/xycar_ws/install/my_motor' for CMake config files
[2.395s] Level 1:colcon.colcon_core.environment:checking '/home/wlwnstn2396/xycar_ws/install/my_motor/lib'
[2.395s] Level 1:colcon.colcon_core.environment:checking '/home/wlwnstn2396/xycar_ws/install/my_motor/bin'
[2.395s] Level 1:colcon.colcon_core.environment:checking '/home/wlwnstn2396/xycar_ws/install/my_motor/lib/pkgconfig/my_motor.pc'
[2.395s] Level 1:colcon.colcon_core.environment:checking '/home/wlwnstn2396/xycar_ws/install/my_motor/lib/python3.10/site-packages'
[2.395s] Level 1:colcon.colcon_core.shell:create_environment_hook('my_motor', 'pythonpath')
[2.395s] INFO:colcon.colcon_core.shell:Creating environment hook '/home/wlwnstn2396/xycar_ws/install/my_motor/share/my_motor/hook/pythonpath.ps1'
[2.396s] INFO:colcon.colcon_core.shell:Creating environment descriptor '/home/wlwnstn2396/xycar_ws/install/my_motor/share/my_motor/hook/pythonpath.dsv'
[2.396s] INFO:colcon.colcon_core.shell:Creating environment hook '/home/wlwnstn2396/xycar_ws/install/my_motor/share/my_motor/hook/pythonpath.sh'
[2.397s] Level 1:colcon.colcon_core.environment:checking '/home/wlwnstn2396/xycar_ws/install/my_motor/bin'
[2.397s] Level 1:colcon.colcon_core.environment:create_environment_scripts_only(my_motor)
[2.397s] INFO:colcon.colcon_core.shell:Creating package script '/home/wlwnstn2396/xycar_ws/install/my_motor/share/my_motor/package.ps1'
[2.398s] INFO:colcon.colcon_core.shell:Creating package descriptor '/home/wlwnstn2396/xycar_ws/install/my_motor/share/my_motor/package.dsv'
[2.399s] INFO:colcon.colcon_core.shell:Creating package script '/home/wlwnstn2396/xycar_ws/install/my_motor/share/my_motor/package.sh'
[2.401s] INFO:colcon.colcon_core.shell:Creating package script '/home/wlwnstn2396/xycar_ws/install/my_motor/share/my_motor/package.bash'
[2.402s] INFO:colcon.colcon_core.shell:Creating package script '/home/wlwnstn2396/xycar_ws/install/my_motor/share/my_motor/package.zsh'
[2.403s] Level 1:colcon.colcon_core.environment:create_file_with_runtime_dependencies(/home/wlwnstn2396/xycar_ws/install/my_motor/share/colcon-core/packages/my_motor)
[2.407s] Level 1:colcon.colcon_core.shell:create_environment_hook('my_imu', 'pythonpath_develop')
[2.408s] INFO:colcon.colcon_core.shell:Creating environment hook '/home/wlwnstn2396/xycar_ws/build/my_imu/share/my_imu/hook/pythonpath_develop.ps1'
[2.409s] DEBUG:colcon.colcon_core.event_handler.log_command:Invoked command in '/home/wlwnstn2396/xycar_ws/build/my_imu' returned '0': PYTHONPATH=/home/wlwnstn2396/xycar_ws/build/my_imu/prefix_override:/usr/lib/python3/dist-packages/colcon_core/task/python/colcon_distutils_commands:/home/wlwnstn2396/xycar_ws/install/my_imu/lib/python3.10/site-packages:${PYTHONPATH} /usr/bin/python3 -W ignore:setup.py install is deprecated -W ignore:easy_install command is deprecated setup.py develop --editable --build-directory /home/wlwnstn2396/xycar_ws/build/my_imu/build --no-deps symlink_data
[2.410s] INFO:colcon.colcon_core.shell:Creating environment descriptor '/home/wlwnstn2396/xycar_ws/build/my_imu/share/my_imu/hook/pythonpath_develop.dsv'
[2.411s] INFO:colcon.colcon_core.shell:Creating environment hook '/home/wlwnstn2396/xycar_ws/build/my_imu/share/my_imu/hook/pythonpath_develop.sh'
[2.411s] Level 1:colcon.colcon_core.environment:checking '/home/wlwnstn2396/xycar_ws/install/my_imu' for CMake module files
[2.412s] Level 1:colcon.colcon_core.environment:checking '/home/wlwnstn2396/xycar_ws/install/my_imu' for CMake config files
[2.412s] Level 1:colcon.colcon_core.environment:checking '/home/wlwnstn2396/xycar_ws/install/my_imu/lib'
[2.412s] Level 1:colcon.colcon_core.environment:checking '/home/wlwnstn2396/xycar_ws/install/my_imu/bin'
[2.412s] Level 1:colcon.colcon_core.environment:checking '/home/wlwnstn2396/xycar_ws/install/my_imu/lib/pkgconfig/my_imu.pc'
[2.413s] Level 1:colcon.colcon_core.environment:checking '/home/wlwnstn2396/xycar_ws/install/my_imu/lib/python3.10/site-packages'
[2.413s] Level 1:colcon.colcon_core.shell:create_environment_hook('my_imu', 'pythonpath')
[2.413s] INFO:colcon.colcon_core.shell:Creating environment hook '/home/wlwnstn2396/xycar_ws/install/my_imu/share/my_imu/hook/pythonpath.ps1'
[2.413s] INFO:colcon.colcon_core.shell:Creating environment descriptor '/home/wlwnstn2396/xycar_ws/install/my_imu/share/my_imu/hook/pythonpath.dsv'
[2.414s] INFO:colcon.colcon_core.shell:Creating environment hook '/home/wlwnstn2396/xycar_ws/install/my_imu/share/my_imu/hook/pythonpath.sh'
[2.414s] Level 1:colcon.colcon_core.environment:checking '/home/wlwnstn2396/xycar_ws/install/my_imu/bin'
[2.414s] Level 1:colcon.colcon_core.environment:create_environment_scripts_only(my_imu)
[2.415s] INFO:colcon.colcon_core.shell:Creating package script '/home/wlwnstn2396/xycar_ws/install/my_imu/share/my_imu/package.ps1'
[2.415s] INFO:colcon.colcon_core.shell:Creating package descriptor '/home/wlwnstn2396/xycar_ws/install/my_imu/share/my_imu/package.dsv'
[2.416s] INFO:colcon.colcon_core.shell:Creating package script '/home/wlwnstn2396/xycar_ws/install/my_imu/share/my_imu/package.sh'
[2.416s] INFO:colcon.colcon_core.shell:Creating package script '/home/wlwnstn2396/xycar_ws/install/my_imu/share/my_imu/package.bash'
[2.417s] INFO:colcon.colcon_core.shell:Creating package script '/home/wlwnstn2396/xycar_ws/install/my_imu/share/my_imu/package.zsh'
[2.417s] Level 1:colcon.colcon_core.environment:create_file_with_runtime_dependencies(/home/wlwnstn2396/xycar_ws/install/my_imu/share/colcon-core/packages/my_imu)
[2.418s] Level 1:colcon.colcon_core.shell:create_environment_hook('track_drive', 'pythonpath_develop')
[2.419s] INFO:colcon.colcon_core.shell:Creating environment hook '/home/wlwnstn2396/xycar_ws/build/track_drive/share/track_drive/hook/pythonpath_develop.ps1'
[2.420s] DEBUG:colcon.colcon_core.event_handler.log_command:Invoked command in '/home/wlwnstn2396/xycar_ws/build/track_drive' returned '0': PYTHONPATH=/home/wlwnstn2396/xycar_ws/build/track_drive/prefix_override:/usr/lib/python3/dist-packages/colcon_core/task/python/colcon_distutils_commands:/home/wlwnstn2396/xycar_ws/install/track_drive/lib/python3.10/site-packages:${PYTHONPATH} /usr/bin/python3 -W ignore:setup.py install is deprecated -W ignore:easy_install command is deprecated setup.py develop --editable --build-directory /home/wlwnstn2396/xycar_ws/build/track_drive/build --no-deps symlink_data
[2.421s] INFO:colcon.colcon_core.shell:Creating environment descriptor '/home/wlwnstn2396/xycar_ws/build/track_drive/share/track_drive/hook/pythonpath_develop.dsv'
[2.421s] INFO:colcon.colcon_core.shell:Creating environment hook '/home/wlwnstn2396/xycar_ws/build/track_drive/share/track_drive/hook/pythonpath_develop.sh'
[2.422s] Level 1:colcon.colcon_core.environment:checking '/home/wlwnstn2396/xycar_ws/install/track_drive' for CMake module files
[2.422s] Level 1:colcon.colcon_core.environment:checking '/home/wlwnstn2396/xycar_ws/install/track_drive' for CMake config files
[2.423s] Level 1:colcon.colcon_core.environment:checking '/home/wlwnstn2396/xycar_ws/install/track_drive/lib'
[2.423s] Level 1:colcon.colcon_core.environment:checking '/home/wlwnstn2396/xycar_ws/install/track_drive/bin'
[2.423s] Level 1:colcon.colcon_core.environment:checking '/home/wlwnstn2396/xycar_ws/install/track_drive/lib/pkgconfig/track_drive.pc'
[2.423s] Level 1:colcon.colcon_core.environment:checking '/home/wlwnstn2396/xycar_ws/install/track_drive/lib/python3.10/site-packages'
[2.423s] Level 1:colcon.colcon_core.shell:create_environment_hook('track_drive', 'pythonpath')
[2.423s] INFO:colcon.colcon_core.shell:Creating environment hook '/home/wlwnstn2396/xycar_ws/install/track_drive/share/track_drive/hook/pythonpath.ps1'
[2.424s] INFO:colcon.colcon_core.shell:Creating environment descriptor '/home/wlwnstn2396/xycar_ws/install/track_drive/share/track_drive/hook/pythonpath.dsv'
[2.424s] INFO:colcon.colcon_core.shell:Creating environment hook '/home/wlwnstn2396/xycar_ws/install/track_drive/share/track_drive/hook/pythonpath.sh'
[2.425s] Level 1:colcon.colcon_core.environment:checking '/home/wlwnstn2396/xycar_ws/install/track_drive/bin'
[2.425s] Level 1:colcon.colcon_core.environment:create_environment_scripts_only(track_drive)
[2.425s] INFO:colcon.colcon_core.shell:Creating package script '/home/wlwnstn2396/xycar_ws/install/track_drive/share/track_drive/package.ps1'
[2.425s] INFO:colcon.colcon_core.shell:Creating package descriptor '/home/wlwnstn2396/xycar_ws/install/track_drive/share/track_drive/package.dsv'
[2.426s] INFO:colcon.colcon_core.shell:Creating package script '/home/wlwnstn2396/xycar_ws/install/track_drive/share/track_drive/package.sh'
[2.426s] INFO:colcon.colcon_core.shell:Creating package script '/home/wlwnstn2396/xycar_ws/install/track_drive/share/track_drive/package.bash'
[2.427s] INFO:colcon.colcon_core.shell:Creating package script '/home/wlwnstn2396/xycar_ws/install/track_drive/share/track_drive/package.zsh'
[2.427s] Level 1:colcon.colcon_core.environment:create_file_with_runtime_dependencies(/home/wlwnstn2396/xycar_ws/install/track_drive/share/colcon-core/packages/track_drive)
[2.427s] Level 1:colcon.colcon_core.shell:create_environment_hook('ros_tcp_endpoint', 'pythonpath_develop')
[2.428s] INFO:colcon.colcon_core.shell:Creating environment hook '/home/wlwnstn2396/xycar_ws/build/ros_tcp_endpoint/share/ros_tcp_endpoint/hook/pythonpath_develop.ps1'
[2.429s] DEBUG:colcon.colcon_core.event_handler.log_command:Invoked command in '/home/wlwnstn2396/xycar_ws/build/ros_tcp_endpoint' returned '0': PYTHONPATH=/home/wlwnstn2396/xycar_ws/build/ros_tcp_endpoint/prefix_override:/usr/lib/python3/dist-packages/colcon_core/task/python/colcon_distutils_commands:/home/wlwnstn2396/xycar_ws/install/ros_tcp_endpoint/lib/python3.10/site-packages:${PYTHONPATH} /usr/bin/python3 -W ignore:setup.py install is deprecated -W ignore:easy_install command is deprecated setup.py develop --editable --build-directory /home/wlwnstn2396/xycar_ws/build/ros_tcp_endpoint/build --no-deps symlink_data
[2.430s] INFO:colcon.colcon_core.shell:Creating environment descriptor '/home/wlwnstn2396/xycar_ws/build/ros_tcp_endpoint/share/ros_tcp_endpoint/hook/pythonpath_develop.dsv'
[2.430s] INFO:colcon.colcon_core.shell:Creating environment hook '/home/wlwnstn2396/xycar_ws/build/ros_tcp_endpoint/share/ros_tcp_endpoint/hook/pythonpath_develop.sh'
[2.430s] Level 1:colcon.colcon_core.environment:checking '/home/wlwnstn2396/xycar_ws/install/ros_tcp_endpoint' for CMake module files
[2.431s] Level 1:colcon.colcon_core.environment:checking '/home/wlwnstn2396/xycar_ws/install/ros_tcp_endpoint' for CMake config files
[2.431s] Level 1:colcon.colcon_core.environment:checking '/home/wlwnstn2396/xycar_ws/install/ros_tcp_endpoint/lib'
[2.431s] Level 1:colcon.colcon_core.environment:checking '/home/wlwnstn2396/xycar_ws/install/ros_tcp_endpoint/bin'
[2.431s] Level 1:colcon.colcon_core.environment:checking '/home/wlwnstn2396/xycar_ws/install/ros_tcp_endpoint/lib/pkgconfig/ros_tcp_endpoint.pc'
[2.431s] Level 1:colcon.colcon_core.environment:checking '/home/wlwnstn2396/xycar_ws/install/ros_tcp_endpoint/lib/python3.10/site-packages'
[2.431s] Level 1:colcon.colcon_core.shell:create_environment_hook('ros_tcp_endpoint', 'pythonpath')
[2.432s] INFO:colcon.colcon_core.shell:Creating environment hook '/home/wlwnstn2396/xycar_ws/install/ros_tcp_endpoint/share/ros_tcp_endpoint/hook/pythonpath.ps1'
[2.432s] INFO:colcon.colcon_core.shell:Creating environment descriptor '/home/wlwnstn2396/xycar_ws/install/ros_tcp_endpoint/share/ros_tcp_endpoint/hook/pythonpath.dsv'
[2.432s] INFO:colcon.colcon_core.shell:Creating environment hook '/home/wlwnstn2396/xycar_ws/install/ros_tcp_endpoint/share/ros_tcp_endpoint/hook/pythonpath.sh'
[2.433s] Level 1:colcon.colcon_core.environment:checking '/home/wlwnstn2396/xycar_ws/install/ros_tcp_endpoint/bin'
[2.433s] Level 1:colcon.colcon_core.environment:create_environment_scripts_only(ros_tcp_endpoint)
[2.433s] INFO:colcon.colcon_core.shell:Creating package script '/home/wlwnstn2396/xycar_ws/install/ros_tcp_endpoint/share/ros_tcp_endpoint/package.ps1'
[2.434s] INFO:colcon.colcon_core.shell:Creating package descriptor '/home/wlwnstn2396/xycar_ws/install/ros_tcp_endpoint/share/ros_tcp_endpoint/package.dsv'
[2.435s] INFO:colcon.colcon_core.shell:Creating package script '/home/wlwnstn2396/xycar_ws/install/ros_tcp_endpoint/share/ros_tcp_endpoint/package.sh'
[2.435s] INFO:colcon.colcon_core.shell:Creating package script '/home/wlwnstn2396/xycar_ws/install/ros_tcp_endpoint/share/ros_tcp_endpoint/package.bash'
[2.435s] INFO:colcon.colcon_core.shell:Creating package script '/home/wlwnstn2396/xycar_ws/install/ros_tcp_endpoint/share/ros_tcp_endpoint/package.zsh'
[2.436s] Level 1:colcon.colcon_core.environment:create_file_with_runtime_dependencies(/home/wlwnstn2396/xycar_ws/install/ros_tcp_endpoint/share/colcon-core/packages/ros_tcp_endpoint)
[5.149s] DEBUG:colcon.colcon_core.event_handler.log_command:Invoked command in '/home/wlwnstn2396/xycar_ws/build/xycar_msgs' returned '0': CMAKE_PREFIX_PATH=/opt/ros/humble /usr/bin/cmake /home/wlwnstn2396/xycar_ws/src/xycar_msgs -DAMENT_CMAKE_SYMLINK_INSTALL=1 -DCMAKE_INSTALL_PREFIX=/home/wlwnstn2396/xycar_ws/install/xycar_msgs
[5.149s] DEBUG:colcon.colcon_core.event_handler.log_command:Invoking command in '/home/wlwnstn2396/xycar_ws/build/xycar_msgs': CMAKE_PREFIX_PATH=/opt/ros/humble /usr/bin/cmake --build /home/wlwnstn2396/xycar_ws/build/xycar_msgs -- -j16 -l16
[7.646s] DEBUG:colcon.colcon_core.event_handler.log_command:Invoked command in '/home/wlwnstn2396/xycar_ws/build/xycar_msgs' returned '0': CMAKE_PREFIX_PATH=/opt/ros/humble /usr/bin/cmake --build /home/wlwnstn2396/xycar_ws/build/xycar_msgs -- -j16 -l16
[7.656s] DEBUG:colcon.colcon_core.event_handler.log_command:Invoking command in '/home/wlwnstn2396/xycar_ws/build/xycar_msgs': CMAKE_PREFIX_PATH=/opt/ros/humble /usr/bin/cmake --install /home/wlwnstn2396/xycar_ws/build/xycar_msgs
[8.596s] Level 1:colcon.colcon_core.environment:create_environment_scripts_only(xycar_msgs)
[8.597s] Level 1:colcon.colcon_core.environment:checking '/home/wlwnstn2396/xycar_ws/install/xycar_msgs' for CMake module files
[8.597s] DEBUG:colcon.colcon_core.event_handler.log_command:Invoked command in '/home/wlwnstn2396/xycar_ws/build/xycar_msgs' returned '0': CMAKE_PREFIX_PATH=/opt/ros/humble /usr/bin/cmake --install /home/wlwnstn2396/xycar_ws/build/xycar_msgs
[8.598s] Level 1:colcon.colcon_core.environment:checking '/home/wlwnstn2396/xycar_ws/install/xycar_msgs' for CMake config files
[8.598s] Level 1:colcon.colcon_core.shell:create_environment_hook('xycar_msgs', 'cmake_prefix_path')
[8.598s] INFO:colcon.colcon_core.shell:Creating environment hook '/home/wlwnstn2396/xycar_ws/install/xycar_msgs/share/xycar_msgs/hook/cmake_prefix_path.ps1'
[8.599s] INFO:colcon.colcon_core.shell:Creating environment descriptor '/home/wlwnstn2396/xycar_ws/install/xycar_msgs/share/xycar_msgs/hook/cmake_prefix_path.dsv'
[8.599s] INFO:colcon.colcon_core.shell:Creating environment hook '/home/wlwnstn2396/xycar_ws/install/xycar_msgs/share/xycar_msgs/hook/cmake_prefix_path.sh'
[8.600s] Level 1:colcon.colcon_core.environment:checking '/home/wlwnstn2396/xycar_ws/install/xycar_msgs/lib'
[8.600s] Level 1:colcon.colcon_core.shell:create_environment_hook('xycar_msgs', 'ld_library_path_lib')
[8.600s] INFO:colcon.colcon_core.shell:Creating environment hook '/home/wlwnstn2396/xycar_ws/install/xycar_msgs/share/xycar_msgs/hook/ld_library_path_lib.ps1'
[8.600s] INFO:colcon.colcon_core.shell:Creating environment descriptor '/home/wlwnstn2396/xycar_ws/install/xycar_msgs/share/xycar_msgs/hook/ld_library_path_lib.dsv'
[8.601s] INFO:colcon.colcon_core.shell:Creating environment hook '/home/wlwnstn2396/xycar_ws/install/xycar_msgs/share/xycar_msgs/hook/ld_library_path_lib.sh'
[8.601s] Level 1:colcon.colcon_core.environment:checking '/home/wlwnstn2396/xycar_ws/install/xycar_msgs/bin'
[8.601s] Level 1:colcon.colcon_core.environment:checking '/home/wlwnstn2396/xycar_ws/install/xycar_msgs/lib/pkgconfig/xycar_msgs.pc'
[8.602s] Level 1:colcon.colcon_core.environment:checking '/home/wlwnstn2396/xycar_ws/install/xycar_msgs/lib/python3.10/site-packages'
[8.602s] Level 1:colcon.colcon_core.environment:checking '/home/wlwnstn2396/xycar_ws/install/xycar_msgs/bin'
[8.602s] INFO:colcon.colcon_core.shell:Creating package script '/home/wlwnstn2396/xycar_ws/install/xycar_msgs/share/xycar_msgs/package.ps1'
[8.603s] INFO:colcon.colcon_core.shell:Creating package descriptor '/home/wlwnstn2396/xycar_ws/install/xycar_msgs/share/xycar_msgs/package.dsv'
[8.604s] INFO:colcon.colcon_core.shell:Creating package script '/home/wlwnstn2396/xycar_ws/install/xycar_msgs/share/xycar_msgs/package.sh'
[8.604s] INFO:colcon.colcon_core.shell:Creating package script '/home/wlwnstn2396/xycar_ws/install/xycar_msgs/share/xycar_msgs/package.bash'
[8.605s] INFO:colcon.colcon_core.shell:Creating package script '/home/wlwnstn2396/xycar_ws/install/xycar_msgs/share/xycar_msgs/package.zsh'
[8.605s] Level 1:colcon.colcon_core.environment:create_file_with_runtime_dependencies(/home/wlwnstn2396/xycar_ws/install/xycar_msgs/share/colcon-core/packages/xycar_msgs)
[8.607s] Level 1:colcon.colcon_core.environment:create_environment_scripts_only(xycar_msgs)
[8.607s] Level 1:colcon.colcon_core.environment:checking '/home/wlwnstn2396/xycar_ws/install/xycar_msgs' for CMake module files
[8.608s] Level 1:colcon.colcon_core.environment:checking '/home/wlwnstn2396/xycar_ws/install/xycar_msgs' for CMake config files
[8.609s] Level 1:colcon.colcon_core.shell:create_environment_hook('xycar_msgs', 'cmake_prefix_path')
[8.609s] INFO:colcon.colcon_core.shell:Creating environment hook '/home/wlwnstn2396/xycar_ws/install/xycar_msgs/share/xycar_msgs/hook/cmake_prefix_path.ps1'
[8.610s] INFO:colcon.colcon_core.shell:Creating environment descriptor '/home/wlwnstn2396/xycar_ws/install/xycar_msgs/share/xycar_msgs/hook/cmake_prefix_path.dsv'
[8.611s] INFO:colcon.colcon_core.shell:Creating environment hook '/home/wlwnstn2396/xycar_ws/install/xycar_msgs/share/xycar_msgs/hook/cmake_prefix_path.sh'
[8.612s] Level 1:colcon.colcon_core.environment:checking '/home/wlwnstn2396/xycar_ws/install/xycar_msgs/lib'
[8.612s] Level 1:colcon.colcon_core.shell:create_environment_hook('xycar_msgs', 'ld_library_path_lib')
[8.612s] INFO:colcon.colcon_core.shell:Creating environment hook '/home/wlwnstn2396/xycar_ws/install/xycar_msgs/share/xycar_msgs/hook/ld_library_path_lib.ps1'
[8.613s] INFO:colcon.colcon_core.shell:Creating environment descriptor '/home/wlwnstn2396/xycar_ws/install/xycar_msgs/share/xycar_msgs/hook/ld_library_path_lib.dsv'
[8.614s] INFO:colcon.colcon_core.shell:Creating environment hook '/home/wlwnstn2396/xycar_ws/install/xycar_msgs/share/xycar_msgs/hook/ld_library_path_lib.sh'
[8.614s] Level 1:colcon.colcon_core.environment:checking '/home/wlwnstn2396/xycar_ws/install/xycar_msgs/bin'
[8.615s] Level 1:colcon.colcon_core.environment:checking '/home/wlwnstn2396/xycar_ws/install/xycar_msgs/lib/pkgconfig/xycar_msgs.pc'
[8.615s] Level 1:colcon.colcon_core.environment:checking '/home/wlwnstn2396/xycar_ws/install/xycar_msgs/lib/python3.10/site-packages'
[8.616s] Level 1:colcon.colcon_core.environment:checking '/home/wlwnstn2396/xycar_ws/install/xycar_msgs/bin'
[8.617s] INFO:colcon.colcon_core.shell:Creating package script '/home/wlwnstn2396/xycar_ws/install/xycar_msgs/share/xycar_msgs/package.ps1'
[8.619s] INFO:colcon.colcon_core.shell:Creating package descriptor '/home/wlwnstn2396/xycar_ws/install/xycar_msgs/share/xycar_msgs/package.dsv'
[8.620s] INFO:colcon.colcon_core.shell:Creating package script '/home/wlwnstn2396/xycar_ws/install/xycar_msgs/share/xycar_msgs/package.sh'
[8.621s] INFO:colcon.colcon_core.shell:Creating package script '/home/wlwnstn2396/xycar_ws/install/xycar_msgs/share/xycar_msgs/package.bash'
[8.622s] INFO:colcon.colcon_core.shell:Creating package script '/home/wlwnstn2396/xycar_ws/install/xycar_msgs/share/xycar_msgs/package.zsh'
[8.622s] Level 1:colcon.colcon_core.environment:create_file_with_runtime_dependencies(/home/wlwnstn2396/xycar_ws/install/xycar_msgs/share/colcon-core/packages/xycar_msgs)
[8.623s] INFO:colcon.colcon_ros.task.ament_python.build:Building ROS package in '/home/wlwnstn2396/xycar_ws/src/kookmin9_viewer' with build type 'ament_python'
[8.623s] Level 1:colcon.colcon_core.shell:create_environment_hook('kookmin9_viewer', 'ament_prefix_path')
[8.624s] INFO:colcon.colcon_core.shell:Creating environment hook '/home/wlwnstn2396/xycar_ws/install/kookmin9_viewer/share/kookmin9_viewer/hook/ament_prefix_path.ps1'
[8.627s] INFO:colcon.colcon_core.shell:Creating environment descriptor '/home/wlwnstn2396/xycar_ws/install/kookmin9_viewer/share/kookmin9_viewer/hook/ament_prefix_path.dsv'
[8.627s] INFO:colcon.colcon_core.shell:Creating environment hook '/home/wlwnstn2396/xycar_ws/install/kookmin9_viewer/share/kookmin9_viewer/hook/ament_prefix_path.sh'
[8.628s] INFO:colcon.colcon_core.shell:Skip shell extension 'powershell' for command environment: Not usable outside of PowerShell
[8.628s] DEBUG:colcon.colcon_core.shell:Skip shell extension 'dsv' for command environment
[8.635s] INFO:colcon.colcon_ros.task.ament_python.build:Building ROS package in '/home/wlwnstn2396/xycar_ws/src/my_cam' with build type 'ament_python'
[8.636s] Level 1:colcon.colcon_core.shell:create_environment_hook('my_cam', 'ament_prefix_path')
[8.636s] INFO:colcon.colcon_core.shell:Creating environment hook '/home/wlwnstn2396/xycar_ws/install/my_cam/share/my_cam/hook/ament_prefix_path.ps1'
[8.638s] INFO:colcon.colcon_core.shell:Creating environment descriptor '/home/wlwnstn2396/xycar_ws/install/my_cam/share/my_cam/hook/ament_prefix_path.dsv'
[8.639s] INFO:colcon.colcon_core.shell:Creating environment hook '/home/wlwnstn2396/xycar_ws/install/my_cam/share/my_cam/hook/ament_prefix_path.sh'
[8.640s] INFO:colcon.colcon_core.shell:Skip shell extension 'powershell' for command environment: Not usable outside of PowerShell
[8.640s] DEBUG:colcon.colcon_core.shell:Skip shell extension 'dsv' for command environment
[8.646s] INFO:colcon.colcon_ros.task.ament_python.build:Building ROS package in '/home/wlwnstn2396/xycar_ws/src/my_lidar' with build type 'ament_python'
[8.646s] Level 1:colcon.colcon_core.shell:create_environment_hook('my_lidar', 'ament_prefix_path')
[8.646s] INFO:colcon.colcon_core.shell:Creating environment hook '/home/wlwnstn2396/xycar_ws/install/my_lidar/share/my_lidar/hook/ament_prefix_path.ps1'
[8.648s] INFO:colcon.colcon_core.shell:Creating environment descriptor '/home/wlwnstn2396/xycar_ws/install/my_lidar/share/my_lidar/hook/ament_prefix_path.dsv'
[8.649s] INFO:colcon.colcon_core.shell:Creating environment hook '/home/wlwnstn2396/xycar_ws/install/my_lidar/share/my_lidar/hook/ament_prefix_path.sh'
[8.649s] INFO:colcon.colcon_core.shell:Skip shell extension 'powershell' for command environment: Not usable outside of PowerShell
[8.650s] DEBUG:colcon.colcon_core.shell:Skip shell extension 'dsv' for command environment
[8.955s] INFO:colcon.colcon_core.task.python.build:Building Python package in '/home/wlwnstn2396/xycar_ws/src/my_cam'
[8.955s] INFO:colcon.colcon_core.shell:Skip shell extension 'powershell' for command environment: Not usable outside of PowerShell
[8.955s] DEBUG:colcon.colcon_core.shell:Skip shell extension 'dsv' for command environment
[9.208s] INFO:colcon.colcon_core.task.python.build:Building Python package in '/home/wlwnstn2396/xycar_ws/src/kookmin9_viewer'
[9.208s] INFO:colcon.colcon_core.shell:Skip shell extension 'powershell' for command environment: Not usable outside of PowerShell
[9.208s] DEBUG:colcon.colcon_core.shell:Skip shell extension 'dsv' for command environment
[9.428s] INFO:colcon.colcon_core.task.python.build:Building Python package in '/home/wlwnstn2396/xycar_ws/src/my_lidar'
[9.429s] INFO:colcon.colcon_core.shell:Skip shell extension 'powershell' for command environment: Not usable outside of PowerShell
[9.429s] DEBUG:colcon.colcon_core.shell:Skip shell extension 'dsv' for command environment
[9.734s] DEBUG:colcon.colcon_core.event_handler.log_command:Invoking command in '/home/wlwnstn2396/xycar_ws/build/my_cam': AMENT_PREFIX_PATH=/home/wlwnstn2396/xycar_ws/install/xycar_msgs:${AMENT_PREFIX_PATH} CMAKE_PREFIX_PATH=/home/wlwnstn2396/xycar_ws/install/xycar_msgs LD_LIBRARY_PATH=/home/wlwnstn2396/xycar_ws/install/xycar_msgs/lib:${LD_LIBRARY_PATH} PYTHONPATH=/home/wlwnstn2396/xycar_ws/build/my_cam/prefix_override:/usr/lib/python3/dist-packages/colcon_core/task/python/colcon_distutils_commands:/home/wlwnstn2396/xycar_ws/install/my_cam/lib/python3.10/site-packages:/home/wlwnstn2396/xycar_ws/install/xycar_msgs/local/lib/python3.10/dist-packages:${PYTHONPATH} /usr/bin/python3 -W ignore:setup.py install is deprecated -W ignore:easy_install command is deprecated setup.py develop --editable --build-directory /home/wlwnstn2396/xycar_ws/build/my_cam/build --no-deps symlink_data
[9.744s] DEBUG:colcon.colcon_core.event_handler.log_command:Invoking command in '/home/wlwnstn2396/xycar_ws/build/kookmin9_viewer': AMENT_PREFIX_PATH=/home/wlwnstn2396/xycar_ws/install/xycar_msgs:${AMENT_PREFIX_PATH} CMAKE_PREFIX_PATH=/home/wlwnstn2396/xycar_ws/install/xycar_msgs LD_LIBRARY_PATH=/home/wlwnstn2396/xycar_ws/install/xycar_msgs/lib:${LD_LIBRARY_PATH} PYTHONPATH=/home/wlwnstn2396/xycar_ws/build/kookmin9_viewer/prefix_override:/usr/lib/python3/dist-packages/colcon_core/task/python/colcon_distutils_commands:/home/wlwnstn2396/xycar_ws/install/kookmin9_viewer/lib/python3.10/site-packages:/home/wlwnstn2396/xycar_ws/install/xycar_msgs/local/lib/python3.10/dist-packages:${PYTHONPATH} /usr/bin/python3 -W ignore:setup.py install is deprecated -W ignore:easy_install command is deprecated setup.py develop --editable --build-directory /home/wlwnstn2396/xycar_ws/build/kookmin9_viewer/build --no-deps symlink_data
[9.851s] DEBUG:colcon.colcon_core.event_handler.log_command:Invoking command in '/home/wlwnstn2396/xycar_ws/build/my_lidar': AMENT_PREFIX_PATH=/home/wlwnstn2396/xycar_ws/install/xycar_msgs:${AMENT_PREFIX_PATH} CMAKE_PREFIX_PATH=/home/wlwnstn2396/xycar_ws/install/xycar_msgs LD_LIBRARY_PATH=/home/wlwnstn2396/xycar_ws/install/xycar_msgs/lib:${LD_LIBRARY_PATH} PYTHONPATH=/home/wlwnstn2396/xycar_ws/build/my_lidar/prefix_override:/usr/lib/python3/dist-packages/colcon_core/task/python/colcon_distutils_commands:/home/wlwnstn2396/xycar_ws/install/my_lidar/lib/python3.10/site-packages:/home/wlwnstn2396/xycar_ws/install/xycar_msgs/local/lib/python3.10/dist-packages:${PYTHONPATH} /usr/bin/python3 -W ignore:setup.py install is deprecated -W ignore:easy_install command is deprecated setup.py develop --editable --build-directory /home/wlwnstn2396/xycar_ws/build/my_lidar/build --no-deps symlink_data
[10.098s] Level 1:colcon.colcon_core.shell:create_environment_hook('my_cam', 'pythonpath_develop')
[10.098s] INFO:colcon.colcon_core.shell:Creating environment hook '/home/wlwnstn2396/xycar_ws/build/my_cam/share/my_cam/hook/pythonpath_develop.ps1'
[10.098s] DEBUG:colcon.colcon_core.event_handler.log_command:Invoked command in '/home/wlwnstn2396/xycar_ws/build/my_cam' returned '0': AMENT_PREFIX_PATH=/home/wlwnstn2396/xycar_ws/install/xycar_msgs:${AMENT_PREFIX_PATH} CMAKE_PREFIX_PATH=/home/wlwnstn2396/xycar_ws/install/xycar_msgs LD_LIBRARY_PATH=/home/wlwnstn2396/xycar_ws/install/xycar_msgs/lib:${LD_LIBRARY_PATH} PYTHONPATH=/home/wlwnstn2396/xycar_ws/build/my_cam/prefix_override:/usr/lib/python3/dist-packages/colcon_core/task/python/colcon_distutils_commands:/home/wlwnstn2396/xycar_ws/install/my_cam/lib/python3.10/site-packages:/home/wlwnstn2396/xycar_ws/install/xycar_msgs/local/lib/python3.10/dist-packages:${PYTHONPATH} /usr/bin/python3 -W ignore:setup.py install is deprecated -W ignore:easy_install command is deprecated setup.py develop --editable --build-directory /home/wlwnstn2396/xycar_ws/build/my_cam/build --no-deps symlink_data
[10.099s] INFO:colcon.colcon_core.shell:Creating environment descriptor '/home/wlwnstn2396/xycar_ws/build/my_cam/share/my_cam/hook/pythonpath_develop.dsv'
[10.100s] INFO:colcon.colcon_core.shell:Creating environment hook '/home/wlwnstn2396/xycar_ws/build/my_cam/share/my_cam/hook/pythonpath_develop.sh'
[10.100s] Level 1:colcon.colcon_core.environment:checking '/home/wlwnstn2396/xycar_ws/install/my_cam' for CMake module files
[10.100s] Level 1:colcon.colcon_core.environment:checking '/home/wlwnstn2396/xycar_ws/install/my_cam' for CMake config files
[10.101s] Level 1:colcon.colcon_core.environment:checking '/home/wlwnstn2396/xycar_ws/install/my_cam/lib'
[10.101s] Level 1:colcon.colcon_core.environment:checking '/home/wlwnstn2396/xycar_ws/install/my_cam/bin'
[10.101s] Level 1:colcon.colcon_core.environment:checking '/home/wlwnstn2396/xycar_ws/install/my_cam/lib/pkgconfig/my_cam.pc'
[10.101s] Level 1:colcon.colcon_core.environment:checking '/home/wlwnstn2396/xycar_ws/install/my_cam/lib/python3.10/site-packages'
[10.101s] Level 1:colcon.colcon_core.shell:create_environment_hook('my_cam', 'pythonpath')
[10.101s] INFO:colcon.colcon_core.shell:Creating environment hook '/home/wlwnstn2396/xycar_ws/install/my_cam/share/my_cam/hook/pythonpath.ps1'
[10.102s] INFO:colcon.colcon_core.shell:Creating environment descriptor '/home/wlwnstn2396/xycar_ws/install/my_cam/share/my_cam/hook/pythonpath.dsv'
[10.102s] INFO:colcon.colcon_core.shell:Creating environment hook '/home/wlwnstn2396/xycar_ws/install/my_cam/share/my_cam/hook/pythonpath.sh'
[10.103s] Level 1:colcon.colcon_core.environment:checking '/home/wlwnstn2396/xycar_ws/install/my_cam/bin'
[10.103s] Level 1:colcon.colcon_core.environment:create_environment_scripts_only(my_cam)
[10.103s] INFO:colcon.colcon_core.shell:Creating package script '/home/wlwnstn2396/xycar_ws/install/my_cam/share/my_cam/package.ps1'
[10.103s] INFO:colcon.colcon_core.shell:Creating package descriptor '/home/wlwnstn2396/xycar_ws/install/my_cam/share/my_cam/package.dsv'
[10.104s] INFO:colcon.colcon_core.shell:Creating package script '/home/wlwnstn2396/xycar_ws/install/my_cam/share/my_cam/package.sh'
[10.104s] INFO:colcon.colcon_core.shell:Creating package script '/home/wlwnstn2396/xycar_ws/install/my_cam/share/my_cam/package.bash'
[10.105s] INFO:colcon.colcon_core.shell:Creating package script '/home/wlwnstn2396/xycar_ws/install/my_cam/share/my_cam/package.zsh'
[10.105s] Level 1:colcon.colcon_core.environment:create_file_with_runtime_dependencies(/home/wlwnstn2396/xycar_ws/install/my_cam/share/colcon-core/packages/my_cam)
[10.107s] Level 1:colcon.colcon_core.shell:create_environment_hook('kookmin9_viewer', 'pythonpath_develop')
[10.107s] INFO:colcon.colcon_core.shell:Creating environment hook '/home/wlwnstn2396/xycar_ws/build/kookmin9_viewer/share/kookmin9_viewer/hook/pythonpath_develop.ps1'
[10.107s] DEBUG:colcon.colcon_core.event_handler.log_command:Invoked command in '/home/wlwnstn2396/xycar_ws/build/kookmin9_viewer' returned '0': AMENT_PREFIX_PATH=/home/wlwnstn2396/xycar_ws/install/xycar_msgs:${AMENT_PREFIX_PATH} CMAKE_PREFIX_PATH=/home/wlwnstn2396/xycar_ws/install/xycar_msgs LD_LIBRARY_PATH=/home/wlwnstn2396/xycar_ws/install/xycar_msgs/lib:${LD_LIBRARY_PATH} PYTHONPATH=/home/wlwnstn2396/xycar_ws/build/kookmin9_viewer/prefix_override:/usr/lib/python3/dist-packages/colcon_core/task/python/colcon_distutils_commands:/home/wlwnstn2396/xycar_ws/install/kookmin9_viewer/lib/python3.10/site-packages:/home/wlwnstn2396/xycar_ws/install/xycar_msgs/local/lib/python3.10/dist-packages:${PYTHONPATH} /usr/bin/python3 -W ignore:setup.py install is deprecated -W ignore:easy_install command is deprecated setup.py develop --editable --build-directory /home/wlwnstn2396/xycar_ws/build/kookmin9_viewer/build --no-deps symlink_data
[10.108s] INFO:colcon.colcon_core.shell:Creating environment descriptor '/home/wlwnstn2396/xycar_ws/build/kookmin9_viewer/share/kookmin9_viewer/hook/pythonpath_develop.dsv'
[10.109s] INFO:colcon.colcon_core.shell:Creating environment hook '/home/wlwnstn2396/xycar_ws/build/kookmin9_viewer/share/kookmin9_viewer/hook/pythonpath_develop.sh'
[10.109s] Level 1:colcon.colcon_core.environment:checking '/home/wlwnstn2396/xycar_ws/install/kookmin9_viewer' for CMake module files
[10.109s] Level 1:colcon.colcon_core.environment:checking '/home/wlwnstn2396/xycar_ws/install/kookmin9_viewer' for CMake config files
[10.110s] Level 1:colcon.colcon_core.environment:checking '/home/wlwnstn2396/xycar_ws/install/kookmin9_viewer/lib'
[10.110s] Level 1:colcon.colcon_core.environment:checking '/home/wlwnstn2396/xycar_ws/install/kookmin9_viewer/bin'
[10.110s] Level 1:colcon.colcon_core.environment:checking '/home/wlwnstn2396/xycar_ws/install/kookmin9_viewer/lib/pkgconfig/kookmin9_viewer.pc'
[10.110s] Level 1:colcon.colcon_core.environment:checking '/home/wlwnstn2396/xycar_ws/install/kookmin9_viewer/lib/python3.10/site-packages'
[10.110s] Level 1:colcon.colcon_core.shell:create_environment_hook('kookmin9_viewer', 'pythonpath')
[10.110s] INFO:colcon.colcon_core.shell:Creating environment hook '/home/wlwnstn2396/xycar_ws/install/kookmin9_viewer/share/kookmin9_viewer/hook/pythonpath.ps1'
[10.111s] INFO:colcon.colcon_core.shell:Creating environment descriptor '/home/wlwnstn2396/xycar_ws/install/kookmin9_viewer/share/kookmin9_viewer/hook/pythonpath.dsv'
[10.111s] INFO:colcon.colcon_core.shell:Creating environment hook '/home/wlwnstn2396/xycar_ws/install/kookmin9_viewer/share/kookmin9_viewer/hook/pythonpath.sh'
[10.111s] Level 1:colcon.colcon_core.environment:checking '/home/wlwnstn2396/xycar_ws/install/kookmin9_viewer/bin'
[10.111s] Level 1:colcon.colcon_core.environment:create_environment_scripts_only(kookmin9_viewer)
[10.112s] INFO:colcon.colcon_core.shell:Creating package script '/home/wlwnstn2396/xycar_ws/install/kookmin9_viewer/share/kookmin9_viewer/package.ps1'
[10.112s] INFO:colcon.colcon_core.shell:Creating package descriptor '/home/wlwnstn2396/xycar_ws/install/kookmin9_viewer/share/kookmin9_viewer/package.dsv'
[10.113s] INFO:colcon.colcon_core.shell:Creating package script '/home/wlwnstn2396/xycar_ws/install/kookmin9_viewer/share/kookmin9_viewer/package.sh'
[10.113s] INFO:colcon.colcon_core.shell:Creating package script '/home/wlwnstn2396/xycar_ws/install/kookmin9_viewer/share/kookmin9_viewer/package.bash'
[10.113s] INFO:colcon.colcon_core.shell:Creating package script '/home/wlwnstn2396/xycar_ws/install/kookmin9_viewer/share/kookmin9_viewer/package.zsh'
[10.113s] Level 1:colcon.colcon_core.environment:create_file_with_runtime_dependencies(/home/wlwnstn2396/xycar_ws/install/kookmin9_viewer/share/colcon-core/packages/kookmin9_viewer)
[10.232s] Level 1:colcon.colcon_core.shell:create_environment_hook('my_lidar', 'pythonpath_develop')
[10.232s] DEBUG:colcon.colcon_core.event_handler.log_command:Invoked command in '/home/wlwnstn2396/xycar_ws/build/my_lidar' returned '0': AMENT_PREFIX_PATH=/home/wlwnstn2396/xycar_ws/install/xycar_msgs:${AMENT_PREFIX_PATH} CMAKE_PREFIX_PATH=/home/wlwnstn2396/xycar_ws/install/xycar_msgs LD_LIBRARY_PATH=/home/wlwnstn2396/xycar_ws/install/xycar_msgs/lib:${LD_LIBRARY_PATH} PYTHONPATH=/home/wlwnstn2396/xycar_ws/build/my_lidar/prefix_override:/usr/lib/python3/dist-packages/colcon_core/task/python/colcon_distutils_commands:/home/wlwnstn2396/xycar_ws/install/my_lidar/lib/python3.10/site-packages:/home/wlwnstn2396/xycar_ws/install/xycar_msgs/local/lib/python3.10/dist-packages:${PYTHONPATH} /usr/bin/python3 -W ignore:setup.py install is deprecated -W ignore:easy_install command is deprecated setup.py develop --editable --build-directory /home/wlwnstn2396/xycar_ws/build/my_lidar/build --no-deps symlink_data
[10.233s] INFO:colcon.colcon_core.shell:Creating environment hook '/home/wlwnstn2396/xycar_ws/build/my_lidar/share/my_lidar/hook/pythonpath_develop.ps1'
[10.237s] INFO:colcon.colcon_core.shell:Creating environment descriptor '/home/wlwnstn2396/xycar_ws/build/my_lidar/share/my_lidar/hook/pythonpath_develop.dsv'
[10.237s] INFO:colcon.colcon_core.shell:Creating environment hook '/home/wlwnstn2396/xycar_ws/build/my_lidar/share/my_lidar/hook/pythonpath_develop.sh'
[10.238s] Level 1:colcon.colcon_core.environment:checking '/home/wlwnstn2396/xycar_ws/install/my_lidar' for CMake module files
[10.238s] Level 1:colcon.colcon_core.environment:checking '/home/wlwnstn2396/xycar_ws/install/my_lidar' for CMake config files
[10.238s] Level 1:colcon.colcon_core.environment:checking '/home/wlwnstn2396/xycar_ws/install/my_lidar/lib'
[10.238s] Level 1:colcon.colcon_core.environment:checking '/home/wlwnstn2396/xycar_ws/install/my_lidar/bin'
[10.239s] Level 1:colcon.colcon_core.environment:checking '/home/wlwnstn2396/xycar_ws/install/my_lidar/lib/pkgconfig/my_lidar.pc'
[10.239s] Level 1:colcon.colcon_core.environment:checking '/home/wlwnstn2396/xycar_ws/install/my_lidar/lib/python3.10/site-packages'
[10.239s] Level 1:colcon.colcon_core.shell:create_environment_hook('my_lidar', 'pythonpath')
[10.239s] INFO:colcon.colcon_core.shell:Creating environment hook '/home/wlwnstn2396/xycar_ws/install/my_lidar/share/my_lidar/hook/pythonpath.ps1'
[10.239s] INFO:colcon.colcon_core.shell:Creating environment descriptor '/home/wlwnstn2396/xycar_ws/install/my_lidar/share/my_lidar/hook/pythonpath.dsv'
[10.240s] INFO:colcon.colcon_core.shell:Creating environment hook '/home/wlwnstn2396/xycar_ws/install/my_lidar/share/my_lidar/hook/pythonpath.sh'
[10.240s] Level 1:colcon.colcon_core.environment:checking '/home/wlwnstn2396/xycar_ws/install/my_lidar/bin'
[10.240s] Level 1:colcon.colcon_core.environment:create_environment_scripts_only(my_lidar)
[10.241s] INFO:colcon.colcon_core.shell:Creating package script '/home/wlwnstn2396/xycar_ws/install/my_lidar/share/my_lidar/package.ps1'
[10.241s] INFO:colcon.colcon_core.shell:Creating package descriptor '/home/wlwnstn2396/xycar_ws/install/my_lidar/share/my_lidar/package.dsv'
[10.241s] INFO:colcon.colcon_core.shell:Creating package script '/home/wlwnstn2396/xycar_ws/install/my_lidar/share/my_lidar/package.sh'
[10.242s] INFO:colcon.colcon_core.shell:Creating package script '/home/wlwnstn2396/xycar_ws/install/my_lidar/share/my_lidar/package.bash'
[10.242s] INFO:colcon.colcon_core.shell:Creating package script '/home/wlwnstn2396/xycar_ws/install/my_lidar/share/my_lidar/package.zsh'
[10.243s] Level 1:colcon.colcon_core.environment:create_file_with_runtime_dependencies(/home/wlwnstn2396/xycar_ws/install/my_lidar/share/colcon-core/packages/my_lidar)
[10.243s] DEBUG:colcon.colcon_parallel_executor.executor.parallel:closing loop
[10.244s] DEBUG:colcon.colcon_parallel_executor.executor.parallel:loop closed
[10.244s] DEBUG:colcon.colcon_parallel_executor.executor.parallel:run_until_complete finished with '0'
[10.244s] DEBUG:colcon.colcon_core.event_reactor:joining thread
[10.318s] INFO:colcon.colcon_core.plugin_system:Skipping extension 'colcon_notification.desktop_notification.notify_send': Could not find 'notify-send'
[10.318s] INFO:colcon.colcon_core.plugin_system:Skipping extension 'colcon_notification.desktop_notification.terminal_notifier': Not used on non-Darwin systems
[10.318s] INFO:colcon.colcon_core.plugin_system:Skipping extension 'colcon_notification.desktop_notification.win32': Not used on non-Windows systems
[10.318s] INFO:colcon.colcon_notification.desktop_notification:Sending desktop notification using 'notify2'
[10.318s] DEBUG:colcon.colcon_notification.desktop_notification.notify2:Failed to initialize notify2: org.freedesktop.DBus.Error.FileNotFound: Failed to connect to socket /run/user/1000/bus: No such file or directory
[10.318s] DEBUG:colcon.colcon_core.event_reactor:joined thread
[10.319s] INFO:colcon.colcon_core.shell:Creating prefix script '/home/wlwnstn2396/xycar_ws/install/local_setup.ps1'
[10.320s] INFO:colcon.colcon_core.shell:Creating prefix util module '/home/wlwnstn2396/xycar_ws/install/_local_setup_util_ps1.py'
[10.321s] INFO:colcon.colcon_core.shell:Creating prefix chain script '/home/wlwnstn2396/xycar_ws/install/setup.ps1'
[10.321s] INFO:colcon.colcon_core.shell:Creating prefix script '/home/wlwnstn2396/xycar_ws/install/local_setup.sh'
[10.322s] INFO:colcon.colcon_core.shell:Creating prefix util module '/home/wlwnstn2396/xycar_ws/install/_local_setup_util_sh.py'
[10.322s] INFO:colcon.colcon_core.shell:Creating prefix chain script '/home/wlwnstn2396/xycar_ws/install/setup.sh'
[10.323s] INFO:colcon.colcon_core.shell:Creating prefix script '/home/wlwnstn2396/xycar_ws/install/local_setup.bash'
[10.323s] INFO:colcon.colcon_core.shell:Creating prefix chain script '/home/wlwnstn2396/xycar_ws/install/setup.bash'
[10.324s] INFO:colcon.colcon_core.shell:Creating prefix script '/home/wlwnstn2396/xycar_ws/install/local_setup.zsh'
[10.324s] INFO:colcon.colcon_core.shell:Creating prefix chain script '/home/wlwnstn2396/xycar_ws/install/setup.zsh'
